LX51 LINKER/LOCATER V4.66.1.0                                                           05/07/2021  15:19:53  PAGE 1


LX51 LINKER/LOCATER V4.66.1.0, INVOKED BY:
C:\KEIL\C51\BIN\LX51.EXE .\Output\ISP_uart2_main.obj, .\Output\isp_uart2.obj, .\Output\STARTUP.obj TO .\Output\ISP_UART2
>>  PRINT (.\LST\ISP_UART2.map) DISABLEWARNING (16) REMOVEUNUSED


CPU MODE:     8051 MODE
MEMORY MODEL: LARGE


INPUT MODULES INCLUDED:
  .\Output\ISP_uart2_main.obj (ISP_UART2_MAIN)
         COMMENT TYPE 0: C51 V9.52.0.0
  .\Output\isp_uart2.obj (ISP_UART2)
         COMMENT TYPE 0: C51 V9.52.0.0
  .\Output\STARTUP.obj (?C_STARTUP)
         COMMENT TYPE 1: A51 / ASM51 Assembler
  C:\KEIL\C51\LIB\C51L.LIB (?C?ULSHR)
         COMMENT TYPE 1: A51 / ASM51 Assembler
  C:\KEIL\C51\LIB\C51L.LIB (?C?CCASE)
         COMMENT TYPE 1: A51 / ASM51 Assembler


ACTIVE MEMORY CLASSES OF MODULE:  .\Output\ISP_UART2 (ISP_UART2_MAIN)

BASE        START       END         USED      MEMORY CLASS
==========================================================
C:000000H   C:000000H   C:00FFFFH   0007EBH   CODE
I:000020H.0 I:000020H.0 I:00002FH.7 000000H.5 BIT
X:000000H   X:000000H   X:00FFFFH   000090H   XDATA
I:000000H   I:000000H   I:00007FH   000019H   DATA
I:000000H   I:000000H   I:0000FFH   000001H   IDATA


MEMORY MAP OF MODULE:  .\Output\ISP_UART2 (ISP_UART2_MAIN)


START     STOP      LENGTH    ALIGN  RELOC    MEMORY CLASS   SEGMENT NAME
=========================================================================

* * * * * * * * * * *   D A T A   M E M O R Y   * * * * * * * * * * * * *
000000H   000007H   000008H   ---    AT..     DATA           "REG BANK 0"
000008H   000018H   000011H   BYTE   UNIT     DATA           ?DT?ISP_UART2
000019H.0 00001FH.7 000007H.0 ---    ---      **GAP**
000020H.0 000020H.3 000000H.4 BIT    UNIT     BIT            ?BI?ISP_UART2
000020H.4 000020H.4 000000H.1 BIT    UNIT     BIT            ?BI?ISP_UART2_MAIN
000020H.5 000020H   000000H.3 ---    ---      **GAP**
000021H   000021H   000001H   BYTE   UNIT     IDATA          ?STACK

* * * * * * * * * * *   C O D E   M E M O R Y   * * * * * * * * * * * * *
000000H   000002H   000003H   ---    OFFS..   CODE           ?CO??C_STARTUP?0
000003H   00000AH   000008H   ---    ---      **GAP**
00000BH   00000DH   000003H   BYTE   OFFS..   CODE           ?ISP_UART2?0000B
00000EH   00008EH   000081H   BYTE   INBLOCK  CODE           ?PR?READ_ID?ISP_UART2
00008FH   00009AH   00000CH   ---    ---      **GAP**
00009BH   00009DH   000003H   BYTE   OFFS..   CODE           ?ISP_UART2?0009B
00009EH   00059FH   000502H   BYTE   INBLOCK  CODE           ?PR?MAIN?ISP_UART2_MAIN
0005A0H   00061AH   00007BH   BYTE   INBLOCK  CODE           ?PR?READ_CONFIG?ISP_UART2
00061BH   000689H   00006FH   BYTE   INBLOCK  CODE           ?PR?PACKAGE_CHECKSUM?ISP_UART2
00068AH   0006EAH   000061H   BYTE   INBLOCK  CODE           ?PR?SMC0_ISR?ISP_UART2
0006EBH   000748H   00005EH   BYTE   INBLOCK  CODE           ?PR?UART2_INI_115200?ISP_UART2
000749H   000776H   00002EH   BYTE   INBLOCK  CODE           ?PR?SEND_64BYTE_TO_UART2?ISP_UART2
000777H   00079AH   000024H   BYTE   INBLOCK  CODE           ?PR?TIMER0_ISR?ISP_UART2
00079BH   0007ABH   000011H   BYTE   INBLOCK  CODE           ?PR?TM0_INI?ISP_UART2
0007ACH   0007E4H   000039H   BYTE   UNIT     CODE           ?C?LIB_CODE
0007E5H   0007FEH   00001AH   BYTE   UNIT     CODE           ?C_C51STARTUP

LX51 LINKER/LOCATER V4.66.1.0                                                         05/07/2021  15:19:53  PAGE 2


* * * * * * * * * * *  X D A T A   M E M O R Y  * * * * * * * * * * * * *
000000H   00008BH   00008CH   BYTE   UNIT     XDATA          ?XD?ISP_UART2
00008CH   00008FH   000004H   BYTE   UNIT     XDATA          ?XD?ISP_UART2_MAIN



OVERLAY MAP OF MODULE:   .\Output\ISP_UART2 (ISP_UART2_MAIN)


FUNCTION/MODULE                      BIT_GROUP   DATA_GROUP 
--> CALLED FUNCTION/MODULE          START  STOP  START  STOP
============================================================
SMC0_ISR/ISP_UART2                  ----- -----  ----- -----

*** NEW ROOT **********************

TIMER0_ISR/ISP_UART2                ----- -----  ----- -----

*** NEW ROOT **********************

?C_C51STARTUP                       ----- -----  ----- -----
  +--> MAIN/ISP_UART2_MAIN

MAIN/ISP_UART2_MAIN                 ----- -----  ----- -----
  +--> UART2_INI_115200/ISP_UART2
  +--> TM0_INI/ISP_UART2
  +--> PACKAGE_CHECKSUM/ISP_UART2
  +--> SEND_64BYTE_TO_UART2/ISP_UART2
  +--> READ_ID/ISP_UART2
  +--> READ_CONFIG/ISP_UART2

UART2_INI_115200/ISP_UART2          ----- -----  ----- -----

TM0_INI/ISP_UART2                   ----- -----  ----- -----

PACKAGE_CHECKSUM/ISP_UART2          ----- -----  ----- -----

SEND_64BYTE_TO_UART2/ISP_UART2      ----- -----  ----- -----

READ_ID/ISP_UART2                   ----- -----  ----- -----

READ_CONFIG/ISP_UART2               ----- -----  ----- -----



PUBLIC SYMBOLS OF MODULE:  .\Output\ISP_UART2 (ISP_UART2_MAIN)


      VALUE       CLASS    TYPE      PUBLIC SYMBOL NAME
      =================================================
      010007BFH   CODE     ---       ?C?CCASE
      00000000H   NUMBER   ---       ?C?CODESEG
      010007ACH   CODE     ---       ?C?ULSHR
      00000000H   NUMBER   ---       ?C?XDATASEG
      0100009EH   CODE     ---       ?C_START
      01000000H   CODE     ---       ?C_STARTUP
*SFR* 000000C0H.2 DATA     BIT       AA0
*SFR* 000000E8H.2 DATA     BIT       AA1
*SFR* 000000D0H.6 DATA     BIT       AC
*SFR* 000000E0H   DATA     BYTE      ACC
*SFR* 000000D2H   DATA     BYTE      ACMPCR0
*SFR* 000000D3H   DATA     BYTE      ACMPCR1
*SFR* 000000ABH   DATA     BYTE      ACMPCR2
*SFR* 000000D4H   DATA     BYTE      ACMPSR
*SFR* 000000D5H   DATA     BYTE      ACMPVREF
LX51 LINKER/LOCATER V4.66.1.0                                                         05/07/2021  15:19:53  PAGE 3


      00000010H   DATA     WORD      AP_size
*SFR* 000000A2H   DATA     BYTE      AUXR0
*SFR* 000000C9H   DATA     BYTE      AUXR1
*SFR* 000000CFH   DATA     BYTE      AUXR3
      00000020H.4 BIT      BIT       BIT_TMP
*SFR* 000000A3H   DATA     BYTE      BODCON0
*SFR* 000000ABH   DATA     BYTE      BODCON1
      00000020H.3 BIT      BIT       bUartDataReady
      00000016H   DATA     BYTE      bufhead
*SFR* 000000E5H   DATA     BYTE      C0H
*SFR* 000000E4H   DATA     BYTE      C0L
*SFR* 000000E7H   DATA     BYTE      C1H
*SFR* 000000E6H   DATA     BYTE      C1L
*SFR* 000000EEH   DATA     BYTE      C2H
*SFR* 000000EDH   DATA     BYTE      C2L
*SFR* 000000E1H   DATA     BYTE      CAPCON0
*SFR* 000000E2H   DATA     BYTE      CAPCON1
*SFR* 000000E3H   DATA     BYTE      CAPCON2
*SFR* 0000009FH   DATA     BYTE      CHPCON
*SFR* 0000008EH   DATA     BYTE      CKCON
*SFR* 000000C1H   DATA     BYTE      CKDIV
*SFR* 00000097H   DATA     BYTE      CKEN
*SFR* 00000096H   DATA     BYTE      CKSWT
*SFR* 000000C8H   DATA     BIT       CM_RL2
      02000084H   XDATA    BYTE      CONF0
      02000085H   XDATA    BYTE      CONF1
      02000086H   XDATA    BYTE      CONF2
      02000087H   XDATA    BYTE      CONF4
      0000000FH   DATA     BYTE      count
*SFR* 000000BEH   DATA     BYTE      CWKH
*SFR* 00000086H   DATA     BYTE      CWKL
*SFR* 000000D0H.7 DATA     BIT       CY
      02000000H   XDATA    BYTE      DID_highB
      02000042H   XDATA    BYTE      DID_lowB
*SFR* 000000F6H   DATA     BYTE      DMA0BAH
*SFR* 00000095H   DATA     BYTE      DMA0CCNT
*SFR* 00000094H   DATA     BYTE      DMA0CNT
*SFR* 00000092H   DATA     BYTE      DMA0CR0
*SFR* 0000008AH   DATA     BYTE      DMA0CR1
*SFR* 00000092H   DATA     BYTE      DMA0CRC
*SFR* 00000093H   DATA     BYTE      DMA0MAL
*SFR* 0000009AH   DATA     BYTE      DMA0SEED
*SFR* 000000E9H   DATA     BYTE      DMA0TSR
*SFR* 000000FDH   DATA     BYTE      DMA1BAH
*SFR* 000000EEH   DATA     BYTE      DMA1CCNT
*SFR* 000000EDH   DATA     BYTE      DMA1CNT
*SFR* 000000EBH   DATA     BYTE      DMA1CR0
*SFR* 0000008BH   DATA     BYTE      DMA1CR1
*SFR* 00000093H   DATA     BYTE      DMA1CRC
*SFR* 000000ECH   DATA     BYTE      DMA1MAL
*SFR* 0000009BH   DATA     BYTE      DMA1SEED
*SFR* 000000F1H   DATA     BYTE      DMA1TSR
*SFR* 000000B3H   DATA     BYTE      DMA2CR0
*SFR* 000000ABH   DATA     BYTE      DMA3CR0
*SFR* 00000083H   DATA     BYTE      DPH
*SFR* 00000082H   DATA     BYTE      DPL
*SFR* 000000A8H.7 DATA     BIT       EA
*SFR* 000000A8H.6 DATA     BIT       EADC
*SFR* 000000A8H.5 DATA     BIT       EBOD
*SFR* 0000009BH   DATA     BYTE      EIE0
*SFR* 0000009CH   DATA     BYTE      EIE1
*SFR* 000000EFH   DATA     BYTE      EIP0
*SFR* 000000FEH   DATA     BYTE      EIP1
*SFR* 000000ACH   DATA     BYTE      EIP2
*SFR* 000000F7H   DATA     BYTE      EIPH0
LX51 LINKER/LOCATER V4.66.1.0                                                         05/07/2021  15:19:53  PAGE 4


*SFR* 000000FFH   DATA     BYTE      EIPH1
*SFR* 000000ADH   DATA     BYTE      EIPH2
*SFR* 000000A8H.4 DATA     BIT       ES
*SFR* 000000A8H.1 DATA     BIT       ET0
*SFR* 000000A8H.3 DATA     BIT       ET1
*SFR* 000000A8H   DATA     BIT       EX0
*SFR* 000000A8H.2 DATA     BIT       EX1
*SFR* 000000D0H.5 DATA     BIT       F0
*SFR* 000000D0H.1 DATA     BIT       F1
*SFR* 00000098H.7 DATA     BIT       FE
*SFR* 000000F8H.7 DATA     BIT       FE_1
      00000017H   DATA     WORD      flash_address
      0000000BH   DATA     DWORD     g_checksum
      00000020H.2 BIT      BIT       g_programflag
      00000008H   DATA     WORD      g_timer0Counter
      00000020H.0 BIT      BIT       g_timer0Over
      0000000AH   DATA     BYTE      g_timer1Counter
      00000020H.1 BIT      BIT       g_timer1Over
      00000012H   DATA     DWORD     g_totalchecksum
*SFR* 000000C1H   DATA     BYTE      I2C0ADDR0
*SFR* 000000A1H   DATA     BYTE      I2C0ADDR1
*SFR* 000000A2H   DATA     BYTE      I2C0ADDR2
*SFR* 000000A3H   DATA     BYTE      I2C0ADDR3
*SFR* 000000CFH   DATA     BYTE      I2C0ADDRM
*SFR* 000000BEH   DATA     BYTE      I2C0CLK
*SFR* 000000C0H   DATA     BYTE      I2C0CON
*SFR* 000000BCH   DATA     BYTE      I2C0DAT
*SFR* 000000C0H   DATA     BIT       I2C0PX
*SFR* 000000BDH   DATA     BYTE      I2C0STAT
*SFR* 000000BFH   DATA     BYTE      I2C0TOC
*SFR* 000000B2H   DATA     BYTE      I2C1ADDR0
*SFR* 000000A4H   DATA     BYTE      I2C1ADDR1
*SFR* 000000A5H   DATA     BYTE      I2C1ADDR2
*SFR* 000000A6H   DATA     BYTE      I2C1ADDR3
*SFR* 000000D7H   DATA     BYTE      I2C1ADDRM
*SFR* 000000B5H   DATA     BYTE      I2C1CLK
*SFR* 000000E8H   DATA     BYTE      I2C1CON
*SFR* 000000B3H   DATA     BYTE      I2C1DAT
*SFR* 000000B4H   DATA     BYTE      I2C1STAT
*SFR* 000000B6H   DATA     BYTE      I2C1TOC
*SFR* 000000C0H.6 DATA     BIT       I2CEN0
*SFR* 000000E8H.6 DATA     BIT       I2CEN1
*SFR* 000000E8H   DATA     BIT       I2CPX1
*SFR* 000000A7H   DATA     BYTE      IAPAH
*SFR* 000000A6H   DATA     BYTE      IAPAL
*SFR* 000000AFH   DATA     BYTE      IAPCN
*SFR* 000000AEH   DATA     BYTE      IAPFD
*SFR* 000000A4H   DATA     BYTE      IAPTRG
*SFR* 000000A5H   DATA     BYTE      IAPUEN
*SFR* 000000A8H   DATA     BYTE      IE
*SFR* 00000088H.1 DATA     BIT       IE0
*SFR* 00000088H.3 DATA     BIT       IE1
*SFR* 000000B8H   DATA     BYTE      IP
*SFR* 000000B7H   DATA     BYTE      IPH
*SFR* 00000088H   DATA     BIT       IT0
*SFR* 00000088H.2 DATA     BIT       IT1
*SFR* 00000084H   DATA     BYTE      LIRCTRIM
*SFR* 000000FFH   DATA     BYTE      LVRDIS
      0100009EH   CODE     ---       main
*SFR* 00000084H   DATA     BYTE      MIRCTRIM
*SFR* 00000085H   DATA     BYTE      MIRCTRIM1
*SFR* 000000EAH   DATA     BYTE      MTM0DAL
*SFR* 000000F2H   DATA     BYTE      MTM1DAL
*SFR* 000000D0H.2 DATA     BIT       OV
*SFR* 000000D0H   DATA     BIT       P
LX51 LINKER/LOCATER V4.66.1.0                                                         05/07/2021  15:19:53  PAGE 5


*SFR* 00000080H   DATA     BYTE      P0
*SFR* 00000080H   DATA     BIT       P00
*SFR* 00000080H.1 DATA     BIT       P01
*SFR* 00000080H.2 DATA     BIT       P02
*SFR* 00000080H.3 DATA     BIT       P03
*SFR* 00000080H.4 DATA     BIT       P04
*SFR* 00000080H.5 DATA     BIT       P05
*SFR* 00000080H.6 DATA     BIT       P06
*SFR* 00000080H.7 DATA     BIT       P07
*SFR* 0000008AH   DATA     BYTE      P0DW
*SFR* 000000B1H   DATA     BYTE      P0M1
*SFR* 000000B2H   DATA     BYTE      P0M2
*SFR* 000000F9H   DATA     BYTE      P0MF10
*SFR* 000000FAH   DATA     BYTE      P0MF32
*SFR* 000000FBH   DATA     BYTE      P0MF54
*SFR* 000000FCH   DATA     BYTE      P0MF76
*SFR* 00000099H   DATA     BYTE      P0S
*SFR* 0000009AH   DATA     BYTE      P0SR
*SFR* 00000092H   DATA     BYTE      P0UP
*SFR* 00000090H   DATA     BYTE      P1
*SFR* 00000090H   DATA     BIT       P10
*SFR* 00000090H.1 DATA     BIT       P11
*SFR* 00000090H.2 DATA     BIT       P12
*SFR* 00000090H.3 DATA     BIT       P13
*SFR* 00000090H.4 DATA     BIT       P14
*SFR* 00000090H.5 DATA     BIT       P15
*SFR* 00000090H.6 DATA     BIT       P16
*SFR* 00000090H.7 DATA     BIT       P17
*SFR* 0000008BH   DATA     BYTE      P1DW
*SFR* 000000B3H   DATA     BYTE      P1M1
*SFR* 000000B4H   DATA     BYTE      P1M2
*SFR* 000000FDH   DATA     BYTE      P1MF10
*SFR* 000000FEH   DATA     BYTE      P1MF32
*SFR* 000000FFH   DATA     BYTE      P1MF54
*SFR* 000000F1H   DATA     BYTE      P1MF76
*SFR* 0000009BH   DATA     BYTE      P1S
*SFR* 0000009CH   DATA     BYTE      P1SR
*SFR* 00000093H   DATA     BYTE      P1UP
*SFR* 000000A0H   DATA     BYTE      P2
*SFR* 000000A0H   DATA     BIT       P20
*SFR* 000000A0H.1 DATA     BIT       P21
*SFR* 000000A0H.2 DATA     BIT       P22
*SFR* 000000A0H.3 DATA     BIT       P23
*SFR* 000000A0H.4 DATA     BIT       P24
*SFR* 000000A0H.5 DATA     BIT       P25
*SFR* 000000A0H.6 DATA     BIT       P26
*SFR* 000000A0H.7 DATA     BIT       P27
*SFR* 0000008CH   DATA     BYTE      P2DW
*SFR* 000000B5H   DATA     BYTE      P2M1
*SFR* 000000B6H   DATA     BYTE      P2M2
*SFR* 000000F2H   DATA     BYTE      P2MF10
*SFR* 000000F3H   DATA     BYTE      P2MF32
*SFR* 000000F4H   DATA     BYTE      P2MF54
*SFR* 000000F5H   DATA     BYTE      P2MF76
*SFR* 0000009DH   DATA     BYTE      P2S
*SFR* 0000009EH   DATA     BYTE      P2SR
*SFR* 00000094H   DATA     BYTE      P2UP
*SFR* 000000B0H   DATA     BYTE      P3
*SFR* 000000B0H   DATA     BIT       P30
*SFR* 000000B0H.1 DATA     BIT       P31
*SFR* 000000B0H.2 DATA     BIT       P32
*SFR* 000000B0H.3 DATA     BIT       P33
*SFR* 000000B0H.4 DATA     BIT       P34
*SFR* 000000B0H.5 DATA     BIT       P35
*SFR* 000000B0H.6 DATA     BIT       P36
LX51 LINKER/LOCATER V4.66.1.0                                                         05/07/2021  15:19:53  PAGE 6


*SFR* 000000B0H.7 DATA     BIT       P37
*SFR* 0000008DH   DATA     BYTE      P3DW
*SFR* 000000C2H   DATA     BYTE      P3M1
*SFR* 000000C3H   DATA     BYTE      P3M2
*SFR* 000000F6H   DATA     BYTE      P3MF10
*SFR* 000000F7H   DATA     BYTE      P3MF32
*SFR* 000000E9H   DATA     BYTE      P3MF54
*SFR* 000000EAH   DATA     BYTE      P3MF76
*SFR* 000000ACH   DATA     BYTE      P3S
*SFR* 000000ADH   DATA     BYTE      P3SR
*SFR* 00000095H   DATA     BYTE      P3UP
*SFR* 000000D8H   DATA     BYTE      P4
*SFR* 000000D8H   DATA     BIT       P40
*SFR* 000000D8H.1 DATA     BIT       P41
*SFR* 000000D8H.2 DATA     BIT       P42
*SFR* 000000D8H.3 DATA     BIT       P43
*SFR* 000000D8H.4 DATA     BIT       P44
*SFR* 000000D8H.5 DATA     BIT       P45
*SFR* 000000D8H.6 DATA     BIT       P46
*SFR* 000000D8H.7 DATA     BIT       P47
*SFR* 0000008EH   DATA     BYTE      P4DW
*SFR* 000000B9H   DATA     BYTE      P4M1
*SFR* 000000BAH   DATA     BYTE      P4M2
*SFR* 000000EBH   DATA     BYTE      P4MF10
*SFR* 000000ECH   DATA     BYTE      P4MF32
*SFR* 000000EDH   DATA     BYTE      P4MF54
*SFR* 000000EEH   DATA     BYTE      P4MF76
*SFR* 000000BBH   DATA     BYTE      P4S
*SFR* 000000BCH   DATA     BYTE      P4SR
*SFR* 00000096H   DATA     BYTE      P4UP
*SFR* 000000B1H   DATA     BYTE      P5
*SFR* 0000008FH   DATA     BYTE      P5DW
*SFR* 000000BDH   DATA     BYTE      P5M1
*SFR* 000000BEH   DATA     BYTE      P5M2
*SFR* 000000EFH   DATA     BYTE      P5MF10
*SFR* 000000E1H   DATA     BYTE      P5MF32
*SFR* 000000E2H   DATA     BYTE      P5MF54
*SFR* 000000E3H   DATA     BYTE      P5MF76
*SFR* 000000BFH   DATA     BYTE      P5S
*SFR* 000000AEH   DATA     BYTE      P5SR
*SFR* 00000097H   DATA     BYTE      P5UP
*SFR* 00000092H   DATA     BYTE      P6MF10
*SFR* 00000093H   DATA     BYTE      P6MF32
*SFR* 00000094H   DATA     BYTE      P6MF54
*SFR* 00000095H   DATA     BYTE      P6MF76
      0100061BH   CODE     ---       Package_checksum
*SFR* 000000B8H.6 DATA     BIT       PADC
*SFR* 000000B8H.5 DATA     BIT       PBOD
*SFR* 00000087H   DATA     BYTE      PCON
*SFR* 00000097H   DATA     BYTE      PDL
*SFR* 000000E9H   DATA     BYTE      PICON
      02000001H   XDATA    BYTE      PID_highB
      02000083H   XDATA    BYTE      PID_lowB
*SFR* 000000CAH   DATA     BYTE      PIF
*SFR* 000000EAH   DATA     BYTE      PINEN
*SFR* 000000EBH   DATA     BYTE      PIPEN
*SFR* 000000A1H   DATA     BYTE      PIPS0
*SFR* 000000A2H   DATA     BYTE      PIPS1
*SFR* 000000A3H   DATA     BYTE      PIPS2
*SFR* 000000A4H   DATA     BYTE      PIPS3
*SFR* 000000A5H   DATA     BYTE      PIPS4
*SFR* 000000A6H   DATA     BYTE      PIPS5
*SFR* 000000A7H   DATA     BYTE      PIPS6
*SFR* 000000AFH   DATA     BYTE      PIPS7
*SFR* 000000C6H   DATA     BYTE      PORDIS
LX51 LINKER/LOCATER V4.66.1.0                                                         05/07/2021  15:19:53  PAGE 7


*SFR* 000000C9H   DATA     BYTE      PRTHCON0
*SFR* 000000B8H.4 DATA     BIT       PS
*SFR* 000000D0H   DATA     BYTE      PSW
*SFR* 000000B8H.1 DATA     BIT       PT0
*SFR* 000000B8H.3 DATA     BIT       PT1
*SFR* 000000D2H   DATA     BYTE      PWM0C0H
*SFR* 000000DAH   DATA     BYTE      PWM0C0L
*SFR* 000000D3H   DATA     BYTE      PWM0C1H
*SFR* 000000DBH   DATA     BYTE      PWM0C1L
*SFR* 000000D4H   DATA     BYTE      PWM0C2H
*SFR* 000000DCH   DATA     BYTE      PWM0C2L
*SFR* 000000D5H   DATA     BYTE      PWM0C3H
*SFR* 000000DDH   DATA     BYTE      PWM0C3L
*SFR* 000000C4H   DATA     BYTE      PWM0C4H
*SFR* 000000CCH   DATA     BYTE      PWM0C4L
*SFR* 000000C5H   DATA     BYTE      PWM0C5H
*SFR* 000000CDH   DATA     BYTE      PWM0C5L
*SFR* 000000D1H   DATA     BYTE      PWM0CON0
*SFR* 000000DFH   DATA     BYTE      PWM0CON1
*SFR* 000000FAH   DATA     BYTE      PWM0DTCNT
*SFR* 000000F9H   DATA     BYTE      PWM0DTEN
*SFR* 000000D7H   DATA     BYTE      PWM0FBD
*SFR* 000000B7H   DATA     BYTE      PWM0INTC
*SFR* 000000FCH   DATA     BYTE      PWM0MD
*SFR* 000000FBH   DATA     BYTE      PWM0MEN
*SFR* 000000D6H   DATA     BYTE      PWM0NP
*SFR* 000000D1H   DATA     BYTE      PWM0PH
*SFR* 000000D9H   DATA     BYTE      PWM0PL
*SFR* 000000B8H   DATA     BIT       PX0
*SFR* 000000B8H.2 DATA     BIT       PX1
*SFR* 00000098H.2 DATA     BIT       RB8
*SFR* 000000F8H.2 DATA     BIT       RB8_1
*SFR* 000000CBH   DATA     BYTE      RCMP2H
*SFR* 000000CAH   DATA     BYTE      RCMP2L
      010005A0H   CODE     ---       READ_CONFIG
      0100000EH   CODE     ---       READ_ID
      02000088H   XDATA    BYTE      recv_CONF0
      02000089H   XDATA    BYTE      recv_CONF1
      0200008AH   XDATA    BYTE      recv_CONF2
      0200008BH   XDATA    BYTE      recv_CONF4
*SFR* 00000098H.4 DATA     BIT       REN
*SFR* 000000F8H.4 DATA     BIT       REN_1
*SFR* 000000C6H   DATA     BYTE      RH3
*SFR* 00000098H   DATA     BIT       RI
*SFR* 000000F8H   DATA     BIT       RI_1
*SFR* 000000C5H   DATA     BYTE      RL3
*SFR* 000000D0H.3 DATA     BIT       RS0
*SFR* 000000D0H.4 DATA     BIT       RS1
*SFR* 000000BFH   DATA     BYTE      RWKH
*SFR* 00000086H   DATA     BYTE      RWKL
*SFR* 000000F8H   DATA     BYTE      S1CON
*SFR* 000000A9H   DATA     BYTE      SADDR0
*SFR* 000000BBH   DATA     BYTE      SADDR1
*SFR* 000000B9H   DATA     BYTE      SADEN0
*SFR* 000000BAH   DATA     BYTE      SADEN1
*SFR* 00000099H   DATA     BYTE      SBUF
*SFR* 0000009AH   DATA     BYTE      SBUF1
*SFR* 000000D6H   DATA     BYTE      SC0CR0
*SFR* 000000D7H   DATA     BYTE      SC0CR1
*SFR* 000000D9H   DATA     BYTE      SC0DR
*SFR* 000000DAH   DATA     BYTE      SC0EGT
*SFR* 000000DBH   DATA     BYTE      SC0ETURD0
*SFR* 000000DCH   DATA     BYTE      SC0ETURD1
*SFR* 000000DDH   DATA     BYTE      SC0IE
*SFR* 000000DEH   DATA     BYTE      SC0IS
LX51 LINKER/LOCATER V4.66.1.0                                                         05/07/2021  15:19:53  PAGE 8


*SFR* 000000DFH   DATA     BYTE      SC0TSR
*SFR* 000000DDH   DATA     BYTE      SC1IE
*SFR* 00000098H   DATA     BYTE      SCON
      01000749H   CODE     ---       Send_64byte_To_UART2
*SFR* 00000091H   DATA     BYTE      SFRS
*SFR* 000000C0H.3 DATA     BIT       SI0
*SFR* 000000E8H.3 DATA     BIT       SI1
*SFR* 00000098H.7 DATA     BIT       SM0
*SFR* 000000F8H.7 DATA     BIT       SM0_1
*SFR* 00000098H.6 DATA     BIT       SM1
*SFR* 000000F8H.6 DATA     BIT       SM1_1
*SFR* 00000098H.5 DATA     BIT       SM2
*SFR* 000000F8H.5 DATA     BIT       SM2_1
      0100068AH   CODE     ---       SMC0_ISR
*SFR* 000000F3H   DATA     BYTE      SPI0CR0
*SFR* 000000F3H   DATA     BYTE      SPI0CR1
*SFR* 000000F5H   DATA     BYTE      SPI0DR
*SFR* 000000F4H   DATA     BYTE      SPI0SR
*SFR* 000000C0H.5 DATA     BIT       STA0
*SFR* 000000E8H.5 DATA     BIT       STA1
      0200008EH   XDATA    WORD      start_address
*SFR* 000000C0H.4 DATA     BIT       STO0
*SFR* 000000E8H.4 DATA     BIT       STO1
*SFR* 0000008EH   DATA     BYTE      T2ACMP
*SFR* 000000C8H   DATA     BYTE      T2CON
*SFR* 000000C9H   DATA     BYTE      T2MOD
*SFR* 000000C4H   DATA     BYTE      T3CON
*SFR* 000000C7H   DATA     BYTE      TA
*SFR* 00000098H.3 DATA     BIT       TB8
*SFR* 000000F8H.3 DATA     BIT       TB8_1
*SFR* 00000088H   DATA     BYTE      TCON
*SFR* 00000088H.5 DATA     BIT       TF0
*SFR* 00000088H.7 DATA     BIT       TF1
*SFR* 000000C8H.7 DATA     BIT       TF2
*SFR* 0000008CH   DATA     BYTE      TH0
*SFR* 0000008DH   DATA     BYTE      TH1
*SFR* 000000CDH   DATA     BYTE      TH2
*SFR* 000000C8H.4 DATA     BIT       TH2RF
*SFR* 00000098H.1 DATA     BIT       TI
*SFR* 000000F8H.1 DATA     BIT       TI_1
      01000777H   CODE     ---       Timer0_ISR
*SFR* 0000008AH   DATA     BYTE      TL0
*SFR* 0000008BH   DATA     BYTE      TL1
*SFR* 000000CCH   DATA     BYTE      TL2
*SFR* 000000C8H.3 DATA     BIT       TL2RF
      0100079BH   CODE     ---       TM0_ini
*SFR* 00000089H   DATA     BYTE      TMOD
*SFR* 00000088H.4 DATA     BIT       TR0
*SFR* 00000088H.6 DATA     BIT       TR1
*SFR* 000000C8H.2 DATA     BIT       TR2
      0200008CH   XDATA    WORD      u16_addr
      010006EBH   CODE     ---       UART2_ini_115200
      02000002H   XDATA    ---       uart_rcvbuf
      02000043H   XDATA    ---       uart_txbuf
*SFR* 000000AAH   DATA     BYTE      WDCON
*SFR* 00000099H   DATA     BYTE      WDCON1
*SFR* 0000008FH   DATA     BYTE      WKCON



SYMBOL TABLE OF MODULE:  .\Output\ISP_UART2 (ISP_UART2_MAIN)

      VALUE       REP       CLASS    TYPE      SYMBOL NAME
      ====================================================
      ---         MODULE    ---      ---       ISP_UART2_MAIN
LX51 LINKER/LOCATER V4.66.1.0                                                         05/07/2021  15:19:53  PAGE 9


      0200008EH   PUBLIC    XDATA    WORD      start_address
      0200008CH   PUBLIC    XDATA    WORD      u16_addr
      00000020H.4 PUBLIC    BIT      BIT       BIT_TMP
      0100009EH   PUBLIC    CODE     ---       main
      000000FFH   SFRSYM    DATA     BYTE      P1MF54
      000000E1H   SFRSYM    DATA     BYTE      P5MF32
      000000B1H   SFRSYM    DATA     BYTE      P0M1
      000000F1H   SFRSYM    DATA     BYTE      DMA1TSR
      000000DCH   SFRSYM    DATA     BYTE      SC0ETURD1
      000000F4H   SFRSYM    DATA     BYTE      P2MF54
      00000093H   SFRSYM    DATA     BYTE      P6MF32
      000000B3H   SFRSYM    DATA     BYTE      P1M1
      000000B2H   SFRSYM    DATA     BYTE      P0M2
      00000080H   SFRSYM    DATA     BYTE      P0
      000000E9H   SFRSYM    DATA     BYTE      P3MF54
      000000B5H   SFRSYM    DATA     BYTE      P2M1
      000000B4H   SFRSYM    DATA     BYTE      P1M2
      00000090H   SFRSYM    DATA     BYTE      P1
      000000FCH   SFRSYM    DATA     BYTE      P0MF76
      000000EDH   SFRSYM    DATA     BYTE      P4MF54
      000000C2H   SFRSYM    DATA     BYTE      P3M1
      000000B6H   SFRSYM    DATA     BYTE      P2M2
      000000A0H   SFRSYM    DATA     BYTE      P2
      000000C0H.6 SFRSYM    DATA     BIT       I2CEN0
      000000F1H   SFRSYM    DATA     BYTE      P1MF76
      000000E2H   SFRSYM    DATA     BYTE      P5MF54
      000000C3H   SFRSYM    DATA     BYTE      P3M2
      000000B9H   SFRSYM    DATA     BYTE      P4M1
      000000B0H   SFRSYM    DATA     BYTE      P3
      000000D0H.6 SFRSYM    DATA     BIT       AC
      000000E8H.6 SFRSYM    DATA     BIT       I2CEN1
      000000F5H   SFRSYM    DATA     BYTE      P2MF76
      00000094H   SFRSYM    DATA     BYTE      P6MF54
      000000BDH   SFRSYM    DATA     BYTE      P5M1
      000000BAH   SFRSYM    DATA     BYTE      P4M2
      000000D8H   SFRSYM    DATA     BYTE      P4
      0000009BH   SFRSYM    DATA     BYTE      EIE0
      0000008FH   SFRSYM    DATA     BYTE      WKCON
      000000EAH   SFRSYM    DATA     BYTE      P3MF76
      000000BEH   SFRSYM    DATA     BYTE      P5M2
      000000B1H   SFRSYM    DATA     BYTE      P5
      0000009CH   SFRSYM    DATA     BYTE      EIE1
      000000A8H.7 SFRSYM    DATA     BIT       EA
      000000EEH   SFRSYM    DATA     BYTE      P4MF76
      000000E3H   SFRSYM    DATA     BYTE      P5MF76
      000000FBH   SFRSYM    DATA     BYTE      PWM0MEN
      00000095H   SFRSYM    DATA     BYTE      P6MF76
      00000098H.7 SFRSYM    DATA     BIT       FE
      000000D6H   SFRSYM    DATA     BYTE      SC0CR0
      000000A8H.6 SFRSYM    DATA     BIT       EADC
      000000D7H   SFRSYM    DATA     BYTE      SC0CR1
      000000A8H   SFRSYM    DATA     BYTE      IE
      00000096H   SFRSYM    DATA     BYTE      CKSWT
      000000EFH   SFRSYM    DATA     BYTE      EIP0
      000000FEH   SFRSYM    DATA     BYTE      EIP1
      000000ACH   SFRSYM    DATA     BYTE      EIP2
      000000C7H   SFRSYM    DATA     BYTE      TA
      000000C0H   SFRSYM    DATA     BIT       I2C0PX
      000000A8H.4 SFRSYM    DATA     BIT       ES
      000000E8H   SFRSYM    DATA     BIT       I2CPX1
      000000C0H.5 SFRSYM    DATA     BIT       STA0
      000000B8H.6 SFRSYM    DATA     BIT       PADC
      000000B8H   SFRSYM    DATA     BYTE      IP
      000000E8H.5 SFRSYM    DATA     BIT       STA1
      000000A8H.5 SFRSYM    DATA     BIT       EBOD
LX51 LINKER/LOCATER V4.66.1.0                                                         05/07/2021  15:19:53  PAGE 10


      00000098H   SFRSYM    DATA     BIT       RI
      000000F8H.7 SFRSYM    DATA     BIT       FE_1
      000000D0H.7 SFRSYM    DATA     BIT       CY
      00000085H   SFRSYM    DATA     BYTE      MIRCTRIM1
      0000008AH   SFRSYM    DATA     BYTE      P0DW
      00000098H.1 SFRSYM    DATA     BIT       TI
      0000008BH   SFRSYM    DATA     BYTE      P1DW
      000000B9H   SFRSYM    DATA     BYTE      SADEN0
      0000008CH   SFRSYM    DATA     BYTE      P2DW
      000000BAH   SFRSYM    DATA     BYTE      SADEN1
      0000008DH   SFRSYM    DATA     BYTE      P3DW
      0000008EH   SFRSYM    DATA     BYTE      P4DW
      000000A9H   SFRSYM    DATA     BYTE      SADDR0
      0000008FH   SFRSYM    DATA     BYTE      P5DW
      000000BBH   SFRSYM    DATA     BYTE      SADDR1
      00000097H   SFRSYM    DATA     BYTE      CKEN
      000000B8H.4 SFRSYM    DATA     BIT       PS
      000000D0H.2 SFRSYM    DATA     BIT       OV
      000000FAH   SFRSYM    DATA     BYTE      PWM0DTCNT
      000000B8H.5 SFRSYM    DATA     BIT       PBOD
      0000009AH   SFRSYM    DATA     BYTE      DMA0SEED
      0000009AH   SFRSYM    DATA     BYTE      P0SR
      00000092H   SFRSYM    DATA     BYTE      P0UP
      000000C0H.4 SFRSYM    DATA     BIT       STO0
      0000009BH   SFRSYM    DATA     BYTE      DMA1SEED
      0000009CH   SFRSYM    DATA     BYTE      P1SR
      00000093H   SFRSYM    DATA     BYTE      P1UP
      000000E8H.4 SFRSYM    DATA     BIT       STO1
      0000009EH   SFRSYM    DATA     BYTE      P2SR
      00000094H   SFRSYM    DATA     BYTE      P2UP
      000000DAH   SFRSYM    DATA     BYTE      SC0EGT
      0000008EH   SFRSYM    DATA     BYTE      T2ACMP
      000000ADH   SFRSYM    DATA     BYTE      P3SR
      00000095H   SFRSYM    DATA     BYTE      P3UP
      000000BCH   SFRSYM    DATA     BYTE      P4SR
      00000096H   SFRSYM    DATA     BYTE      P4UP
      000000AEH   SFRSYM    DATA     BYTE      P5SR
      00000097H   SFRSYM    DATA     BYTE      P5UP
      000000F8H   SFRSYM    DATA     BIT       RI_1
      000000BDH   SFRSYM    DATA     BYTE      I2C0STAT
      00000095H   SFRSYM    DATA     BYTE      DMA0CCNT
      000000F8H.1 SFRSYM    DATA     BIT       TI_1
      000000BEH   SFRSYM    DATA     BYTE      CWKH
      000000CBH   SFRSYM    DATA     BYTE      RCMP2H
      000000EEH   SFRSYM    DATA     BYTE      DMA1CCNT
      000000B4H   SFRSYM    DATA     BYTE      I2C1STAT
      00000099H   SFRSYM    DATA     BYTE      WDCON1
      00000080H   SFRSYM    DATA     BIT       P00
      00000090H   SFRSYM    DATA     BIT       P10
      00000080H.1 SFRSYM    DATA     BIT       P01
      00000099H   SFRSYM    DATA     BYTE      SBUF
      00000087H   SFRSYM    DATA     BYTE      PCON
      000000C0H.2 SFRSYM    DATA     BIT       AA0
      000000A0H   SFRSYM    DATA     BIT       P20
      00000090H.1 SFRSYM    DATA     BIT       P11
      00000080H.2 SFRSYM    DATA     BIT       P02
      000000CAH   SFRSYM    DATA     BYTE      RCMP2L
      00000086H   SFRSYM    DATA     BYTE      CWKL
      000000E8H.2 SFRSYM    DATA     BIT       AA1
      000000B0H   SFRSYM    DATA     BIT       P30
      000000A0H.1 SFRSYM    DATA     BIT       P21
      00000090H.2 SFRSYM    DATA     BIT       P12
      00000080H.3 SFRSYM    DATA     BIT       P03
      000000D8H   SFRSYM    DATA     BIT       P40
      000000B0H.1 SFRSYM    DATA     BIT       P31
LX51 LINKER/LOCATER V4.66.1.0                                                         05/07/2021  15:19:53  PAGE 11


      000000A0H.2 SFRSYM    DATA     BIT       P22
      00000090H.3 SFRSYM    DATA     BIT       P13
      00000080H.4 SFRSYM    DATA     BIT       P04
      000000F5H   SFRSYM    DATA     BYTE      SPI0DR
      00000098H   SFRSYM    DATA     BYTE      SCON
      000000D8H.1 SFRSYM    DATA     BIT       P41
      000000B0H.2 SFRSYM    DATA     BIT       P32
      000000A0H.3 SFRSYM    DATA     BIT       P23
      00000090H.4 SFRSYM    DATA     BIT       P14
      00000080H.5 SFRSYM    DATA     BIT       P05
      00000089H   SFRSYM    DATA     BYTE      TMOD
      00000088H   SFRSYM    DATA     BYTE      TCON
      000000D8H.2 SFRSYM    DATA     BIT       P42
      000000B0H.3 SFRSYM    DATA     BIT       P33
      000000A0H.4 SFRSYM    DATA     BIT       P24
      00000090H.5 SFRSYM    DATA     BIT       P15
      00000080H.6 SFRSYM    DATA     BIT       P06
      000000D8H.3 SFRSYM    DATA     BIT       P43
      000000B0H.4 SFRSYM    DATA     BIT       P34
      000000A0H.5 SFRSYM    DATA     BIT       P25
      00000090H.6 SFRSYM    DATA     BIT       P16
      00000080H.7 SFRSYM    DATA     BIT       P07
      000000FCH   SFRSYM    DATA     BYTE      PWM0MD
      000000D1H   SFRSYM    DATA     BYTE      PWM0CON0
      000000D8H.4 SFRSYM    DATA     BIT       P44
      000000B0H.5 SFRSYM    DATA     BIT       P35
      000000A0H.6 SFRSYM    DATA     BIT       P26
      00000090H.7 SFRSYM    DATA     BIT       P17
      000000DFH   SFRSYM    DATA     BYTE      PWM0CON1
      000000D8H.5 SFRSYM    DATA     BIT       P45
      000000B0H.6 SFRSYM    DATA     BIT       P36
      000000A0H.7 SFRSYM    DATA     BIT       P27
      000000D8H.6 SFRSYM    DATA     BIT       P46
      000000B0H.7 SFRSYM    DATA     BIT       P37
      000000D8H.7 SFRSYM    DATA     BIT       P47
      000000E5H   SFRSYM    DATA     BYTE      C0H
      000000E7H   SFRSYM    DATA     BYTE      C1H
      000000C1H   SFRSYM    DATA     BYTE      I2C0ADDR0
      000000BFH   SFRSYM    DATA     BYTE      RWKH
      000000A1H   SFRSYM    DATA     BYTE      I2C0ADDR1
      000000EEH   SFRSYM    DATA     BYTE      C2H
      000000B2H   SFRSYM    DATA     BYTE      I2C1ADDR0
      0000009FH   SFRSYM    DATA     BYTE      CHPCON
      00000088H.1 SFRSYM    DATA     BIT       IE0
      000000A4H   SFRSYM    DATA     BYTE      I2C1ADDR1
      000000A2H   SFRSYM    DATA     BYTE      I2C0ADDR2
      000000D1H   SFRSYM    DATA     BYTE      PWM0PH
      00000088H.3 SFRSYM    DATA     BIT       IE1
      000000A5H   SFRSYM    DATA     BYTE      I2C1ADDR2
      000000A3H   SFRSYM    DATA     BYTE      I2C0ADDR3
      000000E4H   SFRSYM    DATA     BYTE      C0L
      00000091H   SFRSYM    DATA     BYTE      SFRS
      000000A6H   SFRSYM    DATA     BYTE      I2C1ADDR3
      000000E6H   SFRSYM    DATA     BYTE      C1L
      000000C8H   SFRSYM    DATA     BIT       CM_RL2
      000000EDH   SFRSYM    DATA     BYTE      C2L
      000000DFH   SFRSYM    DATA     BYTE      SC0TSR
      00000086H   SFRSYM    DATA     BYTE      RWKL
      000000D9H   SFRSYM    DATA     BYTE      PWM0PL
      000000F4H   SFRSYM    DATA     BYTE      SPI0SR
      000000D6H   SFRSYM    DATA     BYTE      PWM0NP
      000000A5H   SFRSYM    DATA     BYTE      IAPUEN
      000000E0H   SFRSYM    DATA     BYTE      ACC
      000000D4H   SFRSYM    DATA     BYTE      ACMPSR
      000000A8H.1 SFRSYM    DATA     BIT       ET0
LX51 LINKER/LOCATER V4.66.1.0                                                         05/07/2021  15:19:53  PAGE 12


      000000BCH   SFRSYM    DATA     BYTE      I2C0DAT
      000000A4H   SFRSYM    DATA     BYTE      IAPTRG
      00000092H   SFRSYM    DATA     BYTE      DMA0CR0
      000000A8H.3 SFRSYM    DATA     BIT       ET1
      00000088H.5 SFRSYM    DATA     BIT       TF0
      0000008AH   SFRSYM    DATA     BYTE      DMA0CR1
      000000EBH   SFRSYM    DATA     BYTE      DMA1CR0
      000000BEH   SFRSYM    DATA     BYTE      I2C0CLK
      000000B3H   SFRSYM    DATA     BYTE      I2C1DAT
      00000088H.7 SFRSYM    DATA     BIT       TF1
      0000008BH   SFRSYM    DATA     BYTE      DMA1CR1
      000000B3H   SFRSYM    DATA     BYTE      DMA2CR0
      000000B5H   SFRSYM    DATA     BYTE      I2C1CLK
      000000C8H.7 SFRSYM    DATA     BIT       TF2
      000000C0H.3 SFRSYM    DATA     BIT       SI0
      00000098H.2 SFRSYM    DATA     BIT       RB8
      000000ABH   SFRSYM    DATA     BYTE      DMA3CR0
      0000008CH   SFRSYM    DATA     BYTE      TH0
      000000E8H.3 SFRSYM    DATA     BIT       SI1
      000000A8H   SFRSYM    DATA     BIT       EX0
      00000088H   SFRSYM    DATA     BIT       IT0
      000000C6H   SFRSYM    DATA     BYTE      RH3
      0000008DH   SFRSYM    DATA     BYTE      TH1
      000000A8H.2 SFRSYM    DATA     BIT       EX1
      00000098H.3 SFRSYM    DATA     BIT       TB8
      00000088H.2 SFRSYM    DATA     BIT       IT1
      000000CDH   SFRSYM    DATA     BYTE      TH2
      000000D0H   SFRSYM    DATA     BIT       P
      000000F6H   SFRSYM    DATA     BYTE      DMA0BAH
      00000098H.7 SFRSYM    DATA     BIT       SM0
      000000FDH   SFRSYM    DATA     BYTE      DMA1BAH
      000000C0H   SFRSYM    DATA     BYTE      I2C0CON
      0000008AH   SFRSYM    DATA     BYTE      TL0
      00000098H.6 SFRSYM    DATA     BIT       SM1
      000000C9H   SFRSYM    DATA     BYTE      PRTHCON0
      000000E8H   SFRSYM    DATA     BYTE      I2C1CON
      000000C5H   SFRSYM    DATA     BYTE      RL3
      0000008BH   SFRSYM    DATA     BYTE      TL1
      00000098H.5 SFRSYM    DATA     BIT       SM2
      000000F9H   SFRSYM    DATA     BYTE      PWM0DTEN
      000000CCH   SFRSYM    DATA     BYTE      TL2
      000000C6H   SFRSYM    DATA     BYTE      PORDIS
      00000099H   SFRSYM    DATA     BYTE      P0S
      000000B8H.1 SFRSYM    DATA     BIT       PT0
      0000009BH   SFRSYM    DATA     BYTE      P1S
      000000D0H.3 SFRSYM    DATA     BIT       RS0
      000000B8H.3 SFRSYM    DATA     BIT       PT1
      000000B7H   SFRSYM    DATA     BYTE      PWM0INTC
      0000009DH   SFRSYM    DATA     BYTE      P2S
      000000DDH   SFRSYM    DATA     BYTE      SC0IE
      000000D0H.4 SFRSYM    DATA     BIT       RS1
      00000088H.4 SFRSYM    DATA     BIT       TR0
      000000DDH   SFRSYM    DATA     BYTE      SC1IE
      000000FFH   SFRSYM    DATA     BYTE      LVRDIS
      000000ACH   SFRSYM    DATA     BYTE      P3S
      000000BFH   SFRSYM    DATA     BYTE      I2C0TOC
      00000088H.6 SFRSYM    DATA     BIT       TR1
      000000BBH   SFRSYM    DATA     BYTE      P4S
      000000F7H   SFRSYM    DATA     BYTE      EIPH0
      000000D5H   SFRSYM    DATA     BYTE      ACMPVREF
      000000B6H   SFRSYM    DATA     BYTE      I2C1TOC
      000000C8H.2 SFRSYM    DATA     BIT       TR2
      000000B8H   SFRSYM    DATA     BIT       PX0
      000000BFH   SFRSYM    DATA     BYTE      P5S
      000000FFH   SFRSYM    DATA     BYTE      EIPH1
LX51 LINKER/LOCATER V4.66.1.0                                                         05/07/2021  15:19:53  PAGE 13


      000000B8H.2 SFRSYM    DATA     BIT       PX1
      000000CFH   SFRSYM    DATA     BYTE      I2C0ADDRM
      000000ADH   SFRSYM    DATA     BYTE      EIPH2
      000000D7H   SFRSYM    DATA     BYTE      I2C1ADDRM
      00000092H   SFRSYM    DATA     BYTE      DMA0CRC
      00000083H   SFRSYM    DATA     BYTE      DPH
      000000F8H.2 SFRSYM    DATA     BIT       RB8_1
      00000093H   SFRSYM    DATA     BYTE      DMA1CRC
      000000D9H   SFRSYM    DATA     BYTE      SC0DR
      00000093H   SFRSYM    DATA     BYTE      DMA0MAL
      000000F8H.3 SFRSYM    DATA     BIT       TB8_1
      000000ECH   SFRSYM    DATA     BYTE      DMA1MAL
      000000CAH   SFRSYM    DATA     BYTE      PIF
      00000097H   SFRSYM    DATA     BYTE      PDL
      00000082H   SFRSYM    DATA     BYTE      DPL
      000000F8H.7 SFRSYM    DATA     BIT       SM0_1
      000000D2H   SFRSYM    DATA     BYTE      PWM0C0H
      000000B7H   SFRSYM    DATA     BYTE      IPH
      000000F8H.6 SFRSYM    DATA     BIT       SM1_1
      000000D3H   SFRSYM    DATA     BYTE      PWM0C1H
      0000009AH   SFRSYM    DATA     BYTE      SBUF1
      000000F8H.5 SFRSYM    DATA     BIT       SM2_1
      000000D4H   SFRSYM    DATA     BYTE      PWM0C2H
      000000F3H   SFRSYM    DATA     BYTE      SPI0CR0
      000000DEH   SFRSYM    DATA     BYTE      SC0IS
      000000F3H   SFRSYM    DATA     BYTE      SPI0CR1
      000000D5H   SFRSYM    DATA     BYTE      PWM0C3H
      000000A7H   SFRSYM    DATA     BYTE      IAPAH
      00000098H.4 SFRSYM    DATA     BIT       REN
      000000DAH   SFRSYM    DATA     BYTE      PWM0C0L
      000000C4H   SFRSYM    DATA     BYTE      PWM0C4H
      000000F8H   SFRSYM    DATA     BYTE      S1CON
      000000AEH   SFRSYM    DATA     BYTE      IAPFD
      000000E1H   SFRSYM    DATA     BYTE      CAPCON0
      000000DBH   SFRSYM    DATA     BYTE      PWM0C1L
      000000C5H   SFRSYM    DATA     BYTE      PWM0C5H
      000000C8H.4 SFRSYM    DATA     BIT       TH2RF
      000000E2H   SFRSYM    DATA     BYTE      CAPCON1
      000000DCH   SFRSYM    DATA     BYTE      PWM0C2L
      000000C9H   SFRSYM    DATA     BYTE      T2MOD
      000000C8H   SFRSYM    DATA     BYTE      T2CON
      000000A3H   SFRSYM    DATA     BYTE      BODCON0
      000000E3H   SFRSYM    DATA     BYTE      CAPCON2
      000000DDH   SFRSYM    DATA     BYTE      PWM0C3L
      000000D2H   SFRSYM    DATA     BYTE      ACMPCR0
      000000C4H   SFRSYM    DATA     BYTE      T3CON
      000000ABH   SFRSYM    DATA     BYTE      BODCON1
      000000A6H   SFRSYM    DATA     BYTE      IAPAL
      000000CCH   SFRSYM    DATA     BYTE      PWM0C4L
      00000084H   SFRSYM    DATA     BYTE      LIRCTRIM
      000000D3H   SFRSYM    DATA     BYTE      ACMPCR1
      00000094H   SFRSYM    DATA     BYTE      DMA0CNT
      00000084H   SFRSYM    DATA     BYTE      MIRCTRIM
      000000CDH   SFRSYM    DATA     BYTE      PWM0C5L
      000000ABH   SFRSYM    DATA     BYTE      ACMPCR2
      000000EDH   SFRSYM    DATA     BYTE      DMA1CNT
      000000C8H.3 SFRSYM    DATA     BIT       TL2RF
      000000AFH   SFRSYM    DATA     BYTE      IAPCN
      000000A1H   SFRSYM    DATA     BYTE      PIPS0
      000000A2H   SFRSYM    DATA     BYTE      PIPS1
      000000A3H   SFRSYM    DATA     BYTE      PIPS2
      0000008EH   SFRSYM    DATA     BYTE      CKCON
      000000A4H   SFRSYM    DATA     BYTE      PIPS3
      000000A5H   SFRSYM    DATA     BYTE      PIPS4
      000000EAH   SFRSYM    DATA     BYTE      MTM0DAL
LX51 LINKER/LOCATER V4.66.1.0                                                         05/07/2021  15:19:53  PAGE 14


      000000A2H   SFRSYM    DATA     BYTE      AUXR0
      000000D7H   SFRSYM    DATA     BYTE      PWM0FBD
      000000C9H   SFRSYM    DATA     BYTE      AUXR1
      000000C1H   SFRSYM    DATA     BYTE      CKDIV
      000000A6H   SFRSYM    DATA     BYTE      PIPS5
      000000F2H   SFRSYM    DATA     BYTE      MTM1DAL
      000000A7H   SFRSYM    DATA     BYTE      PIPS6
      000000CFH   SFRSYM    DATA     BYTE      AUXR3
      000000AFH   SFRSYM    DATA     BYTE      PIPS7
      000000D0H.5 SFRSYM    DATA     BIT       F0
      000000F9H   SFRSYM    DATA     BYTE      P0MF10
      000000F8H.4 SFRSYM    DATA     BIT       REN_1
      000000D0H.1 SFRSYM    DATA     BIT       F1
      000000FDH   SFRSYM    DATA     BYTE      P1MF10
      000000F2H   SFRSYM    DATA     BYTE      P2MF10
      000000F6H   SFRSYM    DATA     BYTE      P3MF10
      000000FAH   SFRSYM    DATA     BYTE      P0MF32
      000000EBH   SFRSYM    DATA     BYTE      P4MF10
      000000FEH   SFRSYM    DATA     BYTE      P1MF32
      000000EFH   SFRSYM    DATA     BYTE      P5MF10
      000000E9H   SFRSYM    DATA     BYTE      PICON
      000000D0H   SFRSYM    DATA     BYTE      PSW
      000000F3H   SFRSYM    DATA     BYTE      P2MF32
      00000092H   SFRSYM    DATA     BYTE      P6MF10
      000000EAH   SFRSYM    DATA     BYTE      PINEN
      000000F7H   SFRSYM    DATA     BYTE      P3MF32
      000000AAH   SFRSYM    DATA     BYTE      WDCON
      000000FBH   SFRSYM    DATA     BYTE      P0MF54
      000000ECH   SFRSYM    DATA     BYTE      P4MF32
      000000EBH   SFRSYM    DATA     BYTE      PIPEN
      000000E9H   SFRSYM    DATA     BYTE      DMA0TSR
      000000DBH   SFRSYM    DATA     BYTE      SC0ETURD0

      0100009EH   BLOCK     CODE     ---       LVL=0
      0100009EH   BLOCK     CODE     NEAR LAB  LVL=1
      0100017BH   SYMBOL    CODE     VOID      END_2
      01000575H   SYMBOL    CODE     VOID      _APROM
      0100052AH   SYMBOL    CODE     VOID      END_1
      ---         BLOCKEND  ---      ---       LVL=1
      0100009EH   LINE      CODE     ---       #21
      0100009EH   LINE      CODE     ---       #22
      0100009EH   LINE      CODE     ---       #24
      010000A1H   LINE      CODE     ---       #25
      010000A4H   LINE      CODE     ---       #27
      010000A6H   LINE      CODE     ---       #28
      010000ACH   LINE      CODE     ---       #29
      010000AEH   LINE      CODE     ---       #31
      010000C4H   LINE      CODE     ---       #32
      010000C4H   LINE      CODE     ---       #33
      010000C4H   LINE      CODE     ---       #34
      010000C9H   LINE      CODE     ---       #35
      010000C9H   LINE      CODE     ---       #36
      010000CBH   LINE      CODE     ---       #37
      010000D0H   LINE      CODE     ---       #38
      010000D0H   LINE      CODE     ---       #39
      010000D3H   LINE      CODE     ---       #40
      010000D3H   LINE      CODE     ---       #41
      010000D6H   LINE      CODE     ---       #42
      010000DBH   LINE      CODE     ---       #43
      010000DFH   LINE      CODE     ---       #44
      010000EEH   LINE      CODE     ---       #48
      01000104H   LINE      CODE     ---       #51
      01000106H   LINE      CODE     ---       #52
      0100011BH   LINE      CODE     ---       #53
      0100012CH   LINE      CODE     ---       #54
LX51 LINKER/LOCATER V4.66.1.0                                                         05/07/2021  15:19:53  PAGE 15


      0100012EH   LINE      CODE     ---       #55
      01000133H   LINE      CODE     ---       #56
      01000135H   LINE      CODE     ---       #58
      0100015BH   LINE      CODE     ---       #59
      01000163H   LINE      CODE     ---       #61
      0100016DH   LINE      CODE     ---       #62
      0100016DH   LINE      CODE     ---       #63
      0100016FH   LINE      CODE     ---       #64
      01000171H   LINE      CODE     ---       #65
      01000171H   LINE      CODE     ---       #66
      0100017BH   LINE      CODE     ---       #67
      0100017BH   LINE      CODE     ---       #68
      0100017EH   LINE      CODE     ---       #69
      01000187H   LINE      CODE     ---       #70
      01000199H   LINE      CODE     ---       #71
      0100019CH   LINE      CODE     ---       #73
      0100019CH   LINE      CODE     ---       #75
      010001C2H   LINE      CODE     ---       #76
      010001C2H   LINE      CODE     ---       #77
      010001C2H   LINE      CODE     ---       #78
      010001C2H   LINE      CODE     ---       #79
      010001C2H   LINE      CODE     ---       #80
      010001C5H   LINE      CODE     ---       #81
      010001C8H   LINE      CODE     ---       #82
      010001CDH   LINE      CODE     ---       #83
      010001CFH   LINE      CODE     ---       #84
      010001D1H   LINE      CODE     ---       #85
      010001D1H   LINE      CODE     ---       #87
      010001D1H   LINE      CODE     ---       #88
      010001D1H   LINE      CODE     ---       #89
      010001D4H   LINE      CODE     ---       #90
      010001DAH   LINE      CODE     ---       #91
      010001DDH   LINE      CODE     ---       #92
      010001DFH   LINE      CODE     ---       #93
      010001DFH   LINE      CODE     ---       #95
      010001DFH   LINE      CODE     ---       #96
      010001DFH   LINE      CODE     ---       #97
      010001DFH   LINE      CODE     ---       #98
      010001DFH   LINE      CODE     ---       #99
      010001DFH   LINE      CODE     ---       #102
      010001DFH   LINE      CODE     ---       #103
      010001DFH   LINE      CODE     ---       #104
      010001E2H   LINE      CODE     ---       #105
      010001E5H   LINE      CODE     ---       #106
      010001EDH   LINE      CODE     ---       #107
      010001F5H   LINE      CODE     ---       #108
      010001FDH   LINE      CODE     ---       #109
      01000205H   LINE      CODE     ---       #110
      01000208H   LINE      CODE     ---       #111
      0100020AH   LINE      CODE     ---       #112
      0100020AH   LINE      CODE     ---       #114
      0100020AH   LINE      CODE     ---       #115
      0100020AH   LINE      CODE     ---       #117
      01000220H   LINE      CODE     ---       #118
      01000223H   LINE      CODE     ---       #119
      01000226H   LINE      CODE     ---       #121
      0100022AH   LINE      CODE     ---       #122
      0100022AH   LINE      CODE     ---       #123
      01000233H   LINE      CODE     ---       #124
      01000243H   LINE      CODE     ---       #128
      01000259H   LINE      CODE     ---       #130
      01000269H   LINE      CODE     ---       #132
      0100026CH   LINE      CODE     ---       #133
      0100026FH   LINE      CODE     ---       #134
      01000271H   LINE      CODE     ---       #135
LX51 LINKER/LOCATER V4.66.1.0                                                         05/07/2021  15:19:53  PAGE 16


      01000271H   LINE      CODE     ---       #136
      01000271H   LINE      CODE     ---       #137
      01000271H   LINE      CODE     ---       #138
      01000274H   LINE      CODE     ---       #139
      01000277H   LINE      CODE     ---       #140
      0100027FH   LINE      CODE     ---       #141
      01000287H   LINE      CODE     ---       #142
      0100028FH   LINE      CODE     ---       #143
      01000293H   LINE      CODE     ---       #144
      0100029BH   LINE      CODE     ---       #145
      0100029FH   LINE      CODE     ---       #146
      010002A1H   LINE      CODE     ---       #147
      010002A3H   LINE      CODE     ---       #148
      010002A6H   LINE      CODE     ---       #149
      010002A8H   LINE      CODE     ---       #150
      010002A8H   LINE      CODE     ---       #152
      010002A8H   LINE      CODE     ---       #153
      010002A8H   LINE      CODE     ---       #154
      010002B0H   LINE      CODE     ---       #155
      010002B8H   LINE      CODE     ---       #156
      010002C0H   LINE      CODE     ---       #157
      010002C8H   LINE      CODE     ---       #160
      010002DEH   LINE      CODE     ---       #161
      010002E1H   LINE      CODE     ---       #162
      010002E3H   LINE      CODE     ---       #163
      010002E5H   LINE      CODE     ---       #164
      010002E8H   LINE      CODE     ---       #168
      010002FDH   LINE      CODE     ---       #171
      01000300H   LINE      CODE     ---       #174
      01000306H   LINE      CODE     ---       #178
      0100031CH   LINE      CODE     ---       #180
      01000322H   LINE      CODE     ---       #181
      01000325H   LINE      CODE     ---       #185
      0100033BH   LINE      CODE     ---       #187
      0100033EH   LINE      CODE     ---       #188
      01000344H   LINE      CODE     ---       #192
      0100035AH   LINE      CODE     ---       #194
      0100035DH   LINE      CODE     ---       #195
      01000363H   LINE      CODE     ---       #199
      01000379H   LINE      CODE     ---       #201
      0100038EH   LINE      CODE     ---       #203
      01000391H   LINE      CODE     ---       #205
      01000394H   LINE      CODE     ---       #206
      0100039CH   LINE      CODE     ---       #207
      010003A4H   LINE      CODE     ---       #208
      010003ACH   LINE      CODE     ---       #209
      010003B0H   LINE      CODE     ---       #210
      010003B8H   LINE      CODE     ---       #211
      010003BCH   LINE      CODE     ---       #212
      010003BEH   LINE      CODE     ---       #213
      010003C0H   LINE      CODE     ---       #214
      010003C3H   LINE      CODE     ---       #215
      010003C5H   LINE      CODE     ---       #216
      010003C5H   LINE      CODE     ---       #218
      010003C5H   LINE      CODE     ---       #219
      010003C5H   LINE      CODE     ---       #221
      010003DBH   LINE      CODE     ---       #222
      010003DEH   LINE      CODE     ---       #223
      010003E1H   LINE      CODE     ---       #225
      010003E7H   LINE      CODE     ---       #226
      010003F4H   LINE      CODE     ---       #227
      01000402H   LINE      CODE     ---       #229
      01000407H   LINE      CODE     ---       #230
      01000410H   LINE      CODE     ---       #231
      01000417H   LINE      CODE     ---       #233
LX51 LINKER/LOCATER V4.66.1.0                                                         05/07/2021  15:19:53  PAGE 17


      0100042BH   LINE      CODE     ---       #234
      01000430H   LINE      CODE     ---       #236
      0100043FH   LINE      CODE     ---       #237
      0100043FH   LINE      CODE     ---       #238
      01000444H   LINE      CODE     ---       #239
      01000448H   LINE      CODE     ---       #243
      0100045EH   LINE      CODE     ---       #245
      01000469H   LINE      CODE     ---       #246
      0100046BH   LINE      CODE     ---       #248
      01000474H   LINE      CODE     ---       #249
      0100047EH   LINE      CODE     ---       #250
      01000480H   LINE      CODE     ---       #252
      01000483H   LINE      CODE     ---       #253
      01000483H   LINE      CODE     ---       #254
      01000486H   LINE      CODE     ---       #255
      01000489H   LINE      CODE     ---       #256
      0100048EH   LINE      CODE     ---       #257
      0100049DH   LINE      CODE     ---       #261
      010004B3H   LINE      CODE     ---       #263
      010004B5H   LINE      CODE     ---       #264
      010004CAH   LINE      CODE     ---       #266
      010004DBH   LINE      CODE     ---       #267
      010004DDH   LINE      CODE     ---       #268
      010004E2H   LINE      CODE     ---       #269
      010004E4H   LINE      CODE     ---       #271
      0100050AH   LINE      CODE     ---       #272
      01000512H   LINE      CODE     ---       #274
      0100051CH   LINE      CODE     ---       #275
      0100051CH   LINE      CODE     ---       #276
      0100051EH   LINE      CODE     ---       #277
      01000520H   LINE      CODE     ---       #278
      01000520H   LINE      CODE     ---       #279
      0100052AH   LINE      CODE     ---       #280
      0100052AH   LINE      CODE     ---       #281
      0100052DH   LINE      CODE     ---       #282
      01000536H   LINE      CODE     ---       #283
      01000548H   LINE      CODE     ---       #284
      0100054BH   LINE      CODE     ---       #285
      0100054BH   LINE      CODE     ---       #286
      0100054BH   LINE      CODE     ---       #287
      0100054BH   LINE      CODE     ---       #288
      0100054DH   LINE      CODE     ---       #289
      01000550H   LINE      CODE     ---       #290
      01000552H   LINE      CODE     ---       #291
      01000552H   LINE      CODE     ---       #293
      01000555H   LINE      CODE     ---       #294
      01000555H   LINE      CODE     ---       #295
      01000555H   LINE      CODE     ---       #296
      01000555H   LINE      CODE     ---       #299
      0100055AH   LINE      CODE     ---       #300
      0100055AH   LINE      CODE     ---       #301
      01000570H   LINE      CODE     ---       #302
      01000570H   LINE      CODE     ---       #303
      01000573H   LINE      CODE     ---       #304
      01000573H   LINE      CODE     ---       #305
      01000573H   LINE      CODE     ---       #307
      01000575H   LINE      CODE     ---       #309
      01000575H   LINE      CODE     ---       #310
      0100058BH   LINE      CODE     ---       #311
      0100058EH   LINE      CODE     ---       #312
      01000591H   LINE      CODE     ---       #313
      01000594H   LINE      CODE     ---       #314
      01000597H   LINE      CODE     ---       #315
      0100059AH   LINE      CODE     ---       #316
      0100059DH   LINE      CODE     ---       #319
LX51 LINKER/LOCATER V4.66.1.0                                                         05/07/2021  15:19:53  PAGE 18


      ---         BLOCKEND  ---      ---       LVL=0

      ---         MODULE    ---      ---       ISP_UART2
      00000020H.3 PUBLIC    BIT      BIT       bUartDataReady
      0200008BH   PUBLIC    XDATA    BYTE      recv_CONF4
      0200008AH   PUBLIC    XDATA    BYTE      recv_CONF2
      02000089H   PUBLIC    XDATA    BYTE      recv_CONF1
      02000088H   PUBLIC    XDATA    BYTE      recv_CONF0
      00000020H.2 PUBLIC    BIT      BIT       g_programflag
      00000017H   PUBLIC    DATA     WORD      flash_address
      02000087H   PUBLIC    XDATA    BYTE      CONF4
      02000086H   PUBLIC    XDATA    BYTE      CONF2
      02000085H   PUBLIC    XDATA    BYTE      CONF1
      02000084H   PUBLIC    XDATA    BYTE      CONF0
      02000083H   PUBLIC    XDATA    BYTE      PID_lowB
      00000016H   PUBLIC    DATA     BYTE      bufhead
      02000043H   PUBLIC    XDATA    ---       uart_txbuf
      00000012H   PUBLIC    DATA     DWORD     g_totalchecksum
      02000042H   PUBLIC    XDATA    BYTE      DID_lowB
      00000020H.1 PUBLIC    BIT      BIT       g_timer1Over
      00000020H.0 PUBLIC    BIT      BIT       g_timer0Over
      00000010H   PUBLIC    DATA     WORD      AP_size
      0000000FH   PUBLIC    DATA     BYTE      count
      02000002H   PUBLIC    XDATA    ---       uart_rcvbuf
      02000001H   PUBLIC    XDATA    BYTE      PID_highB
      0000000BH   PUBLIC    DATA     DWORD     g_checksum
      02000000H   PUBLIC    XDATA    BYTE      DID_highB
      0000000AH   PUBLIC    DATA     BYTE      g_timer1Counter
      00000008H   PUBLIC    DATA     WORD      g_timer0Counter
      01000777H   PUBLIC    CODE     ---       Timer0_ISR
      0100068AH   PUBLIC    CODE     ---       SMC0_ISR
      01000749H   PUBLIC    CODE     ---       Send_64byte_To_UART2
      0100061BH   PUBLIC    CODE     ---       Package_checksum
      010006EBH   PUBLIC    CODE     ---       UART2_ini_115200
      0100079BH   PUBLIC    CODE     ---       TM0_ini
      010005A0H   PUBLIC    CODE     ---       READ_CONFIG
      0100000EH   PUBLIC    CODE     ---       READ_ID
      000000FFH   SFRSYM    DATA     BYTE      P1MF54
      000000E1H   SFRSYM    DATA     BYTE      P5MF32
      000000B1H   SFRSYM    DATA     BYTE      P0M1
      000000F1H   SFRSYM    DATA     BYTE      DMA1TSR
      000000DCH   SFRSYM    DATA     BYTE      SC0ETURD1
      000000F4H   SFRSYM    DATA     BYTE      P2MF54
      00000093H   SFRSYM    DATA     BYTE      P6MF32
      000000B3H   SFRSYM    DATA     BYTE      P1M1
      000000B2H   SFRSYM    DATA     BYTE      P0M2
      00000080H   SFRSYM    DATA     BYTE      P0
      000000E9H   SFRSYM    DATA     BYTE      P3MF54
      000000B5H   SFRSYM    DATA     BYTE      P2M1
      000000B4H   SFRSYM    DATA     BYTE      P1M2
      00000090H   SFRSYM    DATA     BYTE      P1
      000000FCH   SFRSYM    DATA     BYTE      P0MF76
      000000EDH   SFRSYM    DATA     BYTE      P4MF54
      000000C2H   SFRSYM    DATA     BYTE      P3M1
      000000B6H   SFRSYM    DATA     BYTE      P2M2
      000000A0H   SFRSYM    DATA     BYTE      P2
      000000C0H.6 SFRSYM    DATA     BIT       I2CEN0
      000000F1H   SFRSYM    DATA     BYTE      P1MF76
      000000E2H   SFRSYM    DATA     BYTE      P5MF54
      000000C3H   SFRSYM    DATA     BYTE      P3M2
      000000B9H   SFRSYM    DATA     BYTE      P4M1
      000000B0H   SFRSYM    DATA     BYTE      P3
      000000D0H.6 SFRSYM    DATA     BIT       AC
      000000E8H.6 SFRSYM    DATA     BIT       I2CEN1
      000000F5H   SFRSYM    DATA     BYTE      P2MF76
LX51 LINKER/LOCATER V4.66.1.0                                                         05/07/2021  15:19:53  PAGE 19


      00000094H   SFRSYM    DATA     BYTE      P6MF54
      000000BDH   SFRSYM    DATA     BYTE      P5M1
      000000BAH   SFRSYM    DATA     BYTE      P4M2
      000000D8H   SFRSYM    DATA     BYTE      P4
      0000009BH   SFRSYM    DATA     BYTE      EIE0
      0000008FH   SFRSYM    DATA     BYTE      WKCON
      000000EAH   SFRSYM    DATA     BYTE      P3MF76
      000000BEH   SFRSYM    DATA     BYTE      P5M2
      000000B1H   SFRSYM    DATA     BYTE      P5
      0000009CH   SFRSYM    DATA     BYTE      EIE1
      000000A8H.7 SFRSYM    DATA     BIT       EA
      000000EEH   SFRSYM    DATA     BYTE      P4MF76
      000000E3H   SFRSYM    DATA     BYTE      P5MF76
      000000FBH   SFRSYM    DATA     BYTE      PWM0MEN
      00000095H   SFRSYM    DATA     BYTE      P6MF76
      00000098H.7 SFRSYM    DATA     BIT       FE
      000000D6H   SFRSYM    DATA     BYTE      SC0CR0
      000000A8H.6 SFRSYM    DATA     BIT       EADC
      000000D7H   SFRSYM    DATA     BYTE      SC0CR1
      000000A8H   SFRSYM    DATA     BYTE      IE
      00000096H   SFRSYM    DATA     BYTE      CKSWT
      000000EFH   SFRSYM    DATA     BYTE      EIP0
      000000FEH   SFRSYM    DATA     BYTE      EIP1
      000000ACH   SFRSYM    DATA     BYTE      EIP2
      000000C7H   SFRSYM    DATA     BYTE      TA
      000000C0H   SFRSYM    DATA     BIT       I2C0PX
      000000A8H.4 SFRSYM    DATA     BIT       ES
      000000E8H   SFRSYM    DATA     BIT       I2CPX1
      000000C0H.5 SFRSYM    DATA     BIT       STA0
      000000B8H.6 SFRSYM    DATA     BIT       PADC
      000000B8H   SFRSYM    DATA     BYTE      IP
      000000E8H.5 SFRSYM    DATA     BIT       STA1
      000000A8H.5 SFRSYM    DATA     BIT       EBOD
      00000098H   SFRSYM    DATA     BIT       RI
      000000F8H.7 SFRSYM    DATA     BIT       FE_1
      000000D0H.7 SFRSYM    DATA     BIT       CY
      00000085H   SFRSYM    DATA     BYTE      MIRCTRIM1
      0000008AH   SFRSYM    DATA     BYTE      P0DW
      00000098H.1 SFRSYM    DATA     BIT       TI
      0000008BH   SFRSYM    DATA     BYTE      P1DW
      000000B9H   SFRSYM    DATA     BYTE      SADEN0
      0000008CH   SFRSYM    DATA     BYTE      P2DW
      000000BAH   SFRSYM    DATA     BYTE      SADEN1
      0000008DH   SFRSYM    DATA     BYTE      P3DW
      0000008EH   SFRSYM    DATA     BYTE      P4DW
      000000A9H   SFRSYM    DATA     BYTE      SADDR0
      0000008FH   SFRSYM    DATA     BYTE      P5DW
      000000BBH   SFRSYM    DATA     BYTE      SADDR1
      00000097H   SFRSYM    DATA     BYTE      CKEN
      000000B8H.4 SFRSYM    DATA     BIT       PS
      000000D0H.2 SFRSYM    DATA     BIT       OV
      000000FAH   SFRSYM    DATA     BYTE      PWM0DTCNT
      000000B8H.5 SFRSYM    DATA     BIT       PBOD
      0000009AH   SFRSYM    DATA     BYTE      DMA0SEED
      0000009AH   SFRSYM    DATA     BYTE      P0SR
      00000092H   SFRSYM    DATA     BYTE      P0UP
      000000C0H.4 SFRSYM    DATA     BIT       STO0
      0000009BH   SFRSYM    DATA     BYTE      DMA1SEED
      0000009CH   SFRSYM    DATA     BYTE      P1SR
      00000093H   SFRSYM    DATA     BYTE      P1UP
      000000E8H.4 SFRSYM    DATA     BIT       STO1
      0000009EH   SFRSYM    DATA     BYTE      P2SR
      00000094H   SFRSYM    DATA     BYTE      P2UP
      000000DAH   SFRSYM    DATA     BYTE      SC0EGT
      0000008EH   SFRSYM    DATA     BYTE      T2ACMP
LX51 LINKER/LOCATER V4.66.1.0                                                         05/07/2021  15:19:53  PAGE 20


      000000ADH   SFRSYM    DATA     BYTE      P3SR
      00000095H   SFRSYM    DATA     BYTE      P3UP
      000000BCH   SFRSYM    DATA     BYTE      P4SR
      00000096H   SFRSYM    DATA     BYTE      P4UP
      000000AEH   SFRSYM    DATA     BYTE      P5SR
      00000097H   SFRSYM    DATA     BYTE      P5UP
      000000F8H   SFRSYM    DATA     BIT       RI_1
      000000BDH   SFRSYM    DATA     BYTE      I2C0STAT
      00000095H   SFRSYM    DATA     BYTE      DMA0CCNT
      000000F8H.1 SFRSYM    DATA     BIT       TI_1
      000000BEH   SFRSYM    DATA     BYTE      CWKH
      000000CBH   SFRSYM    DATA     BYTE      RCMP2H
      000000EEH   SFRSYM    DATA     BYTE      DMA1CCNT
      000000B4H   SFRSYM    DATA     BYTE      I2C1STAT
      00000099H   SFRSYM    DATA     BYTE      WDCON1
      00000080H   SFRSYM    DATA     BIT       P00
      00000090H   SFRSYM    DATA     BIT       P10
      00000080H.1 SFRSYM    DATA     BIT       P01
      00000099H   SFRSYM    DATA     BYTE      SBUF
      00000087H   SFRSYM    DATA     BYTE      PCON
      000000C0H.2 SFRSYM    DATA     BIT       AA0
      000000A0H   SFRSYM    DATA     BIT       P20
      00000090H.1 SFRSYM    DATA     BIT       P11
      00000080H.2 SFRSYM    DATA     BIT       P02
      000000CAH   SFRSYM    DATA     BYTE      RCMP2L
      00000086H   SFRSYM    DATA     BYTE      CWKL
      000000E8H.2 SFRSYM    DATA     BIT       AA1
      000000B0H   SFRSYM    DATA     BIT       P30
      000000A0H.1 SFRSYM    DATA     BIT       P21
      00000090H.2 SFRSYM    DATA     BIT       P12
      00000080H.3 SFRSYM    DATA     BIT       P03
      000000D8H   SFRSYM    DATA     BIT       P40
      000000B0H.1 SFRSYM    DATA     BIT       P31
      000000A0H.2 SFRSYM    DATA     BIT       P22
      00000090H.3 SFRSYM    DATA     BIT       P13
      00000080H.4 SFRSYM    DATA     BIT       P04
      000000F5H   SFRSYM    DATA     BYTE      SPI0DR
      00000098H   SFRSYM    DATA     BYTE      SCON
      000000D8H.1 SFRSYM    DATA     BIT       P41
      000000B0H.2 SFRSYM    DATA     BIT       P32
      000000A0H.3 SFRSYM    DATA     BIT       P23
      00000090H.4 SFRSYM    DATA     BIT       P14
      00000080H.5 SFRSYM    DATA     BIT       P05
      00000089H   SFRSYM    DATA     BYTE      TMOD
      00000088H   SFRSYM    DATA     BYTE      TCON
      000000D8H.2 SFRSYM    DATA     BIT       P42
      000000B0H.3 SFRSYM    DATA     BIT       P33
      000000A0H.4 SFRSYM    DATA     BIT       P24
      00000090H.5 SFRSYM    DATA     BIT       P15
      00000080H.6 SFRSYM    DATA     BIT       P06
      000000D8H.3 SFRSYM    DATA     BIT       P43
      000000B0H.4 SFRSYM    DATA     BIT       P34
      000000A0H.5 SFRSYM    DATA     BIT       P25
      00000090H.6 SFRSYM    DATA     BIT       P16
      00000080H.7 SFRSYM    DATA     BIT       P07
      000000FCH   SFRSYM    DATA     BYTE      PWM0MD
      000000D1H   SFRSYM    DATA     BYTE      PWM0CON0
      000000D8H.4 SFRSYM    DATA     BIT       P44
      000000B0H.5 SFRSYM    DATA     BIT       P35
      000000A0H.6 SFRSYM    DATA     BIT       P26
      00000090H.7 SFRSYM    DATA     BIT       P17
      000000DFH   SFRSYM    DATA     BYTE      PWM0CON1
      000000D8H.5 SFRSYM    DATA     BIT       P45
      000000B0H.6 SFRSYM    DATA     BIT       P36
      000000A0H.7 SFRSYM    DATA     BIT       P27
LX51 LINKER/LOCATER V4.66.1.0                                                         05/07/2021  15:19:53  PAGE 21


      000000D8H.6 SFRSYM    DATA     BIT       P46
      000000B0H.7 SFRSYM    DATA     BIT       P37
      000000D8H.7 SFRSYM    DATA     BIT       P47
      000000E5H   SFRSYM    DATA     BYTE      C0H
      000000E7H   SFRSYM    DATA     BYTE      C1H
      000000C1H   SFRSYM    DATA     BYTE      I2C0ADDR0
      000000BFH   SFRSYM    DATA     BYTE      RWKH
      000000A1H   SFRSYM    DATA     BYTE      I2C0ADDR1
      000000EEH   SFRSYM    DATA     BYTE      C2H
      000000B2H   SFRSYM    DATA     BYTE      I2C1ADDR0
      0000009FH   SFRSYM    DATA     BYTE      CHPCON
      00000088H.1 SFRSYM    DATA     BIT       IE0
      000000A4H   SFRSYM    DATA     BYTE      I2C1ADDR1
      000000A2H   SFRSYM    DATA     BYTE      I2C0ADDR2
      000000D1H   SFRSYM    DATA     BYTE      PWM0PH
      00000088H.3 SFRSYM    DATA     BIT       IE1
      000000A5H   SFRSYM    DATA     BYTE      I2C1ADDR2
      000000A3H   SFRSYM    DATA     BYTE      I2C0ADDR3
      000000E4H   SFRSYM    DATA     BYTE      C0L
      00000091H   SFRSYM    DATA     BYTE      SFRS
      000000A6H   SFRSYM    DATA     BYTE      I2C1ADDR3
      000000E6H   SFRSYM    DATA     BYTE      C1L
      000000C8H   SFRSYM    DATA     BIT       CM_RL2
      000000EDH   SFRSYM    DATA     BYTE      C2L
      000000DFH   SFRSYM    DATA     BYTE      SC0TSR
      00000086H   SFRSYM    DATA     BYTE      RWKL
      000000D9H   SFRSYM    DATA     BYTE      PWM0PL
      000000F4H   SFRSYM    DATA     BYTE      SPI0SR
      000000D6H   SFRSYM    DATA     BYTE      PWM0NP
      000000A5H   SFRSYM    DATA     BYTE      IAPUEN
      000000E0H   SFRSYM    DATA     BYTE      ACC
      000000D4H   SFRSYM    DATA     BYTE      ACMPSR
      000000A8H.1 SFRSYM    DATA     BIT       ET0
      000000BCH   SFRSYM    DATA     BYTE      I2C0DAT
      000000A4H   SFRSYM    DATA     BYTE      IAPTRG
      00000092H   SFRSYM    DATA     BYTE      DMA0CR0
      000000A8H.3 SFRSYM    DATA     BIT       ET1
      00000088H.5 SFRSYM    DATA     BIT       TF0
      0000008AH   SFRSYM    DATA     BYTE      DMA0CR1
      000000EBH   SFRSYM    DATA     BYTE      DMA1CR0
      000000BEH   SFRSYM    DATA     BYTE      I2C0CLK
      000000B3H   SFRSYM    DATA     BYTE      I2C1DAT
      00000088H.7 SFRSYM    DATA     BIT       TF1
      0000008BH   SFRSYM    DATA     BYTE      DMA1CR1
      000000B3H   SFRSYM    DATA     BYTE      DMA2CR0
      000000B5H   SFRSYM    DATA     BYTE      I2C1CLK
      000000C8H.7 SFRSYM    DATA     BIT       TF2
      000000C0H.3 SFRSYM    DATA     BIT       SI0
      00000098H.2 SFRSYM    DATA     BIT       RB8
      000000ABH   SFRSYM    DATA     BYTE      DMA3CR0
      0000008CH   SFRSYM    DATA     BYTE      TH0
      000000E8H.3 SFRSYM    DATA     BIT       SI1
      000000A8H   SFRSYM    DATA     BIT       EX0
      00000088H   SFRSYM    DATA     BIT       IT0
      000000C6H   SFRSYM    DATA     BYTE      RH3
      0000008DH   SFRSYM    DATA     BYTE      TH1
      000000A8H.2 SFRSYM    DATA     BIT       EX1
      00000098H.3 SFRSYM    DATA     BIT       TB8
      00000088H.2 SFRSYM    DATA     BIT       IT1
      000000CDH   SFRSYM    DATA     BYTE      TH2
      000000D0H   SFRSYM    DATA     BIT       P
      000000F6H   SFRSYM    DATA     BYTE      DMA0BAH
      00000098H.7 SFRSYM    DATA     BIT       SM0
      000000FDH   SFRSYM    DATA     BYTE      DMA1BAH
      000000C0H   SFRSYM    DATA     BYTE      I2C0CON
LX51 LINKER/LOCATER V4.66.1.0                                                         05/07/2021  15:19:53  PAGE 22


      0000008AH   SFRSYM    DATA     BYTE      TL0
      00000098H.6 SFRSYM    DATA     BIT       SM1
      000000C9H   SFRSYM    DATA     BYTE      PRTHCON0
      000000E8H   SFRSYM    DATA     BYTE      I2C1CON
      000000C5H   SFRSYM    DATA     BYTE      RL3
      0000008BH   SFRSYM    DATA     BYTE      TL1
      00000098H.5 SFRSYM    DATA     BIT       SM2
      000000F9H   SFRSYM    DATA     BYTE      PWM0DTEN
      000000CCH   SFRSYM    DATA     BYTE      TL2
      000000C6H   SFRSYM    DATA     BYTE      PORDIS
      00000099H   SFRSYM    DATA     BYTE      P0S
      000000B8H.1 SFRSYM    DATA     BIT       PT0
      0000009BH   SFRSYM    DATA     BYTE      P1S
      000000D0H.3 SFRSYM    DATA     BIT       RS0
      000000B8H.3 SFRSYM    DATA     BIT       PT1
      000000B7H   SFRSYM    DATA     BYTE      PWM0INTC
      0000009DH   SFRSYM    DATA     BYTE      P2S
      000000DDH   SFRSYM    DATA     BYTE      SC0IE
      000000D0H.4 SFRSYM    DATA     BIT       RS1
      00000088H.4 SFRSYM    DATA     BIT       TR0
      000000DDH   SFRSYM    DATA     BYTE      SC1IE
      000000FFH   SFRSYM    DATA     BYTE      LVRDIS
      000000ACH   SFRSYM    DATA     BYTE      P3S
      000000BFH   SFRSYM    DATA     BYTE      I2C0TOC
      00000088H.6 SFRSYM    DATA     BIT       TR1
      000000BBH   SFRSYM    DATA     BYTE      P4S
      000000F7H   SFRSYM    DATA     BYTE      EIPH0
      000000D5H   SFRSYM    DATA     BYTE      ACMPVREF
      000000B6H   SFRSYM    DATA     BYTE      I2C1TOC
      000000C8H.2 SFRSYM    DATA     BIT       TR2
      000000B8H   SFRSYM    DATA     BIT       PX0
      000000BFH   SFRSYM    DATA     BYTE      P5S
      000000FFH   SFRSYM    DATA     BYTE      EIPH1
      000000B8H.2 SFRSYM    DATA     BIT       PX1
      000000CFH   SFRSYM    DATA     BYTE      I2C0ADDRM
      000000ADH   SFRSYM    DATA     BYTE      EIPH2
      000000D7H   SFRSYM    DATA     BYTE      I2C1ADDRM
      00000092H   SFRSYM    DATA     BYTE      DMA0CRC
      00000083H   SFRSYM    DATA     BYTE      DPH
      000000F8H.2 SFRSYM    DATA     BIT       RB8_1
      00000093H   SFRSYM    DATA     BYTE      DMA1CRC
      000000D9H   SFRSYM    DATA     BYTE      SC0DR
      00000093H   SFRSYM    DATA     BYTE      DMA0MAL
      000000F8H.3 SFRSYM    DATA     BIT       TB8_1
      000000ECH   SFRSYM    DATA     BYTE      DMA1MAL
      000000CAH   SFRSYM    DATA     BYTE      PIF
      00000097H   SFRSYM    DATA     BYTE      PDL
      00000082H   SFRSYM    DATA     BYTE      DPL
      000000F8H.7 SFRSYM    DATA     BIT       SM0_1
      000000D2H   SFRSYM    DATA     BYTE      PWM0C0H
      000000B7H   SFRSYM    DATA     BYTE      IPH
      000000F8H.6 SFRSYM    DATA     BIT       SM1_1
      000000D3H   SFRSYM    DATA     BYTE      PWM0C1H
      0000009AH   SFRSYM    DATA     BYTE      SBUF1
      000000F8H.5 SFRSYM    DATA     BIT       SM2_1
      000000D4H   SFRSYM    DATA     BYTE      PWM0C2H
      000000F3H   SFRSYM    DATA     BYTE      SPI0CR0
      000000DEH   SFRSYM    DATA     BYTE      SC0IS
      000000F3H   SFRSYM    DATA     BYTE      SPI0CR1
      000000D5H   SFRSYM    DATA     BYTE      PWM0C3H
      000000A7H   SFRSYM    DATA     BYTE      IAPAH
      00000098H.4 SFRSYM    DATA     BIT       REN
      000000DAH   SFRSYM    DATA     BYTE      PWM0C0L
      000000C4H   SFRSYM    DATA     BYTE      PWM0C4H
      000000F8H   SFRSYM    DATA     BYTE      S1CON
LX51 LINKER/LOCATER V4.66.1.0                                                         05/07/2021  15:19:53  PAGE 23


      000000AEH   SFRSYM    DATA     BYTE      IAPFD
      000000E1H   SFRSYM    DATA     BYTE      CAPCON0
      000000DBH   SFRSYM    DATA     BYTE      PWM0C1L
      000000C5H   SFRSYM    DATA     BYTE      PWM0C5H
      000000C8H.4 SFRSYM    DATA     BIT       TH2RF
      000000E2H   SFRSYM    DATA     BYTE      CAPCON1
      000000DCH   SFRSYM    DATA     BYTE      PWM0C2L
      000000C9H   SFRSYM    DATA     BYTE      T2MOD
      000000C8H   SFRSYM    DATA     BYTE      T2CON
      000000A3H   SFRSYM    DATA     BYTE      BODCON0
      000000E3H   SFRSYM    DATA     BYTE      CAPCON2
      000000DDH   SFRSYM    DATA     BYTE      PWM0C3L
      000000D2H   SFRSYM    DATA     BYTE      ACMPCR0
      000000C4H   SFRSYM    DATA     BYTE      T3CON
      000000ABH   SFRSYM    DATA     BYTE      BODCON1
      000000A6H   SFRSYM    DATA     BYTE      IAPAL
      000000CCH   SFRSYM    DATA     BYTE      PWM0C4L
      00000084H   SFRSYM    DATA     BYTE      LIRCTRIM
      000000D3H   SFRSYM    DATA     BYTE      ACMPCR1
      00000094H   SFRSYM    DATA     BYTE      DMA0CNT
      00000084H   SFRSYM    DATA     BYTE      MIRCTRIM
      000000CDH   SFRSYM    DATA     BYTE      PWM0C5L
      000000ABH   SFRSYM    DATA     BYTE      ACMPCR2
      000000EDH   SFRSYM    DATA     BYTE      DMA1CNT
      000000C8H.3 SFRSYM    DATA     BIT       TL2RF
      000000AFH   SFRSYM    DATA     BYTE      IAPCN
      000000A1H   SFRSYM    DATA     BYTE      PIPS0
      000000A2H   SFRSYM    DATA     BYTE      PIPS1
      000000A3H   SFRSYM    DATA     BYTE      PIPS2
      0000008EH   SFRSYM    DATA     BYTE      CKCON
      000000A4H   SFRSYM    DATA     BYTE      PIPS3
      000000A5H   SFRSYM    DATA     BYTE      PIPS4
      000000EAH   SFRSYM    DATA     BYTE      MTM0DAL
      000000A2H   SFRSYM    DATA     BYTE      AUXR0
      000000D7H   SFRSYM    DATA     BYTE      PWM0FBD
      000000C9H   SFRSYM    DATA     BYTE      AUXR1
      000000C1H   SFRSYM    DATA     BYTE      CKDIV
      000000A6H   SFRSYM    DATA     BYTE      PIPS5
      000000F2H   SFRSYM    DATA     BYTE      MTM1DAL
      000000A7H   SFRSYM    DATA     BYTE      PIPS6
      000000CFH   SFRSYM    DATA     BYTE      AUXR3
      000000AFH   SFRSYM    DATA     BYTE      PIPS7
      000000D0H.5 SFRSYM    DATA     BIT       F0
      000000F9H   SFRSYM    DATA     BYTE      P0MF10
      000000F8H.4 SFRSYM    DATA     BIT       REN_1
      000000D0H.1 SFRSYM    DATA     BIT       F1
      000000FDH   SFRSYM    DATA     BYTE      P1MF10
      000000F2H   SFRSYM    DATA     BYTE      P2MF10
      000000F6H   SFRSYM    DATA     BYTE      P3MF10
      000000FAH   SFRSYM    DATA     BYTE      P0MF32
      000000EBH   SFRSYM    DATA     BYTE      P4MF10
      000000FEH   SFRSYM    DATA     BYTE      P1MF32
      000000EFH   SFRSYM    DATA     BYTE      P5MF10
      000000E9H   SFRSYM    DATA     BYTE      PICON
      000000D0H   SFRSYM    DATA     BYTE      PSW
      000000F3H   SFRSYM    DATA     BYTE      P2MF32
      00000092H   SFRSYM    DATA     BYTE      P6MF10
      000000EAH   SFRSYM    DATA     BYTE      PINEN
      000000F7H   SFRSYM    DATA     BYTE      P3MF32
      000000AAH   SFRSYM    DATA     BYTE      WDCON
      000000FBH   SFRSYM    DATA     BYTE      P0MF54
      000000ECH   SFRSYM    DATA     BYTE      P4MF32
      000000EBH   SFRSYM    DATA     BYTE      PIPEN
      000000E9H   SFRSYM    DATA     BYTE      DMA0TSR
      000000DBH   SFRSYM    DATA     BYTE      SC0ETURD0
LX51 LINKER/LOCATER V4.66.1.0                                                         05/07/2021  15:19:53  PAGE 24



      0100000EH   BLOCK     CODE     ---       LVL=0
      0100000EH   LINE      CODE     ---       #32
      0100000EH   LINE      CODE     ---       #33
      0100000EH   LINE      CODE     ---       #35
      01000011H   LINE      CODE     ---       #36
      01000014H   LINE      CODE     ---       #37
      01000016H   LINE      CODE     ---       #38
      0100002BH   LINE      CODE     ---       #39
      01000031H   LINE      CODE     ---       #40
      01000034H   LINE      CODE     ---       #41
      0100004AH   LINE      CODE     ---       #42
      01000050H   LINE      CODE     ---       #43
      01000053H   LINE      CODE     ---       #44
      01000069H   LINE      CODE     ---       #45
      0100006FH   LINE      CODE     ---       #46
      01000072H   LINE      CODE     ---       #47
      01000088H   LINE      CODE     ---       #48
      0100008EH   LINE      CODE     ---       #49
      ---         BLOCKEND  ---      ---       LVL=0

      010005A0H   BLOCK     CODE     ---       LVL=0
      010005A0H   LINE      CODE     ---       #50
      010005A0H   LINE      CODE     ---       #51
      010005A0H   LINE      CODE     ---       #52
      010005A3H   LINE      CODE     ---       #53
      010005A6H   LINE      CODE     ---       #54
      010005A8H   LINE      CODE     ---       #55
      010005BDH   LINE      CODE     ---       #56
      010005C3H   LINE      CODE     ---       #57
      010005C6H   LINE      CODE     ---       #58
      010005DCH   LINE      CODE     ---       #59
      010005E0H   LINE      CODE     ---       #60
      010005E3H   LINE      CODE     ---       #61
      010005F9H   LINE      CODE     ---       #62
      010005FDH   LINE      CODE     ---       #63
      01000600H   LINE      CODE     ---       #64
      01000616H   LINE      CODE     ---       #65
      0100061AH   LINE      CODE     ---       #67
      ---         BLOCKEND  ---      ---       LVL=0

      0100079BH   BLOCK     CODE     ---       LVL=0
      0100079BH   LINE      CODE     ---       #69
      0100079BH   LINE      CODE     ---       #70
      0100079BH   LINE      CODE     ---       #71
      010007A0H   LINE      CODE     ---       #72
      010007A3H   LINE      CODE     ---       #73
      010007A8H   LINE      CODE     ---       #74
      010007ABH   LINE      CODE     ---       #75
      ---         BLOCKEND  ---      ---       LVL=0

      010006EBH   BLOCK     CODE     ---       LVL=0
      010006EBH   LINE      CODE     ---       #78
      010006EBH   LINE      CODE     ---       #79
      010006EBH   LINE      CODE     ---       #80
      010006F4H   LINE      CODE     ---       #81
      010006FDH   LINE      CODE     ---       #82
      01000706H   LINE      CODE     ---       #83
      0100070FH   LINE      CODE     ---       #85
      01000715H   LINE      CODE     ---       #86
      0100071AH   LINE      CODE     ---       #87
      0100071FH   LINE      CODE     ---       #88
      01000724H   LINE      CODE     ---       #89
      01000729H   LINE      CODE     ---       #90
      0100072CH   LINE      CODE     ---       #91
LX51 LINKER/LOCATER V4.66.1.0                                                         05/07/2021  15:19:53  PAGE 25


      0100072FH   LINE      CODE     ---       #92
      0100072FH   LINE      CODE     ---       #93
      01000734H   LINE      CODE     ---       #94
      01000737H   LINE      CODE     ---       #95
      0100073CH   LINE      CODE     ---       #96
      01000741H   LINE      CODE     ---       #97
      01000746H   LINE      CODE     ---       #98
      01000748H   LINE      CODE     ---       #99
      ---         BLOCKEND  ---      ---       LVL=0

      0100061BH   BLOCK     CODE     ---       LVL=0
      0100061BH   LINE      CODE     ---       #102
      0100061BH   LINE      CODE     ---       #103
      0100061BH   LINE      CODE     ---       #104
      01000624H   LINE      CODE     ---       #105
      01000626H   LINE      CODE     ---       #106
      01000626H   LINE      CODE     ---       #107
      0100064CH   LINE      CODE     ---       #108
      01000653H   LINE      CODE     ---       #109
      0100065CH   LINE      CODE     ---       #110
      0100066EH   LINE      CODE     ---       #111
      01000677H   LINE      CODE     ---       #112
      0100067FH   LINE      CODE     ---       #113
      01000685H   LINE      CODE     ---       #114
      01000689H   LINE      CODE     ---       #115
      ---         BLOCKEND  ---      ---       LVL=0

      01000749H   BLOCK     CODE     ---       LVL=0
      01000749H   LINE      CODE     ---       #118
      01000749H   LINE      CODE     ---       #119
      01000749H   LINE      CODE     ---       #120
      0100074CH   LINE      CODE     ---       #121
      0100074CH   LINE      CODE     ---       #122
      01000752H   LINE      CODE     ---       #123
      01000761H   LINE      CODE     ---       #124
      01000769H   LINE      CODE     ---       #125
      0100076FH   LINE      CODE     ---       #126
      01000776H   LINE      CODE     ---       #127
      ---         BLOCKEND  ---      ---       LVL=0

      0100068AH   BLOCK     CODE     ---       LVL=0
      0100068AH   LINE      CODE     ---       #129
      01000697H   LINE      CODE     ---       #131
      0100069AH   LINE      CODE     ---       #132
      010006A2H   LINE      CODE     ---       #133
      010006A2H   LINE      CODE     ---       #134
      010006B3H   LINE      CODE     ---       #135
      010006B9H   LINE      CODE     ---       #136
      010006B9H   LINE      CODE     ---       #137
      010006C1H   LINE      CODE     ---       #138
      010006C1H   LINE      CODE     ---       #139
      010006C7H   LINE      CODE     ---       #140
      010006C7H   LINE      CODE     ---       #141
      010006CCH   LINE      CODE     ---       #142
      010006CCH   LINE      CODE     ---       #143
      010006CEH   LINE      CODE     ---       #144
      010006D1H   LINE      CODE     ---       #145
      010006D1H   LINE      CODE     ---       #146
      010006D6H   LINE      CODE     ---       #147
      010006D6H   LINE      CODE     ---       #148
      010006D8H   LINE      CODE     ---       #149
      010006DBH   LINE      CODE     ---       #150
      010006DDH   LINE      CODE     ---       #151
      010006E0H   LINE      CODE     ---       #152
      010006E0H   LINE      CODE     ---       #153
LX51 LINKER/LOCATER V4.66.1.0                                                         05/07/2021  15:19:53  PAGE 26


      ---         BLOCKEND  ---      ---       LVL=0

      01000777H   BLOCK     CODE     ---       LVL=0
      01000777H   LINE      CODE     ---       #155
      01000779H   LINE      CODE     ---       #159
      0100077FH   LINE      CODE     ---       #160
      0100077FH   LINE      CODE     ---       #161
      01000787H   LINE      CODE     ---       #162
      0100078DH   LINE      CODE     ---       #163
      0100078DH   LINE      CODE     ---       #164
      0100078FH   LINE      CODE     ---       #165
      0100078FH   LINE      CODE     ---       #166
      0100078FH   LINE      CODE     ---       #168
      01000793H   LINE      CODE     ---       #169
      01000793H   LINE      CODE     ---       #170
      01000796H   LINE      CODE     ---       #171
      01000796H   LINE      CODE     ---       #172
      01000796H   LINE      CODE     ---       #173
      01000798H   LINE      CODE     ---       #174
      01000798H   LINE      CODE     ---       #175
      01000798H   LINE      CODE     ---       #178
      ---         BLOCKEND  ---      ---       LVL=0

      ---         MODULE    ---      ---       ?C_STARTUP
      01000000H   PUBLIC    CODE     ---       ?C_STARTUP
      000000E0H   SYMBOL    DATA     ---       ACC
      000000F0H   SYMBOL    DATA     ---       B
      00000083H   SYMBOL    DATA     ---       DPH
      00000082H   SYMBOL    DATA     ---       DPL
      00000000H   SYMBOL    NUMBER   ---       IBPSTACK
      00000100H   SYMBOL    NUMBER   ---       IBPSTACKTOP
      00000080H   SYMBOL    NUMBER   ---       IDATALEN
      010007E8H   SYMBOL    CODE     ---       IDATALOOP
      00000000H   SYMBOL    NUMBER   ---       PBPSTACK
      00000000H   SYMBOL    NUMBER   ---       PBPSTACKTOP
      00000000H   SYMBOL    NUMBER   ---       PDATALEN
      00000000H   SYMBOL    NUMBER   ---       PDATASTART
      00000000H   SYMBOL    NUMBER   ---       PPAGE
      00000000H   SYMBOL    NUMBER   ---       PPAGEENABLE
      000000A0H   SYMBOL    DATA     ---       PPAGE_SFR
      00000081H   SYMBOL    DATA     ---       SP
      010007E5H   SYMBOL    CODE     ---       STARTUP1
      00000000H   SYMBOL    NUMBER   ---       XBPSTACK
      00000000H   SYMBOL    NUMBER   ---       XBPSTACKTOP
      00000FFFH   SYMBOL    NUMBER   ---       XDATALEN
      010007F3H   SYMBOL    CODE     ---       XDATALOOP
      00000000H   SYMBOL    NUMBER   ---       XDATASTART
      01000000H   LINE      CODE     ---       #94
      010007E5H   LINE      CODE     ---       #110
      010007E7H   LINE      CODE     ---       #111
      010007E8H   LINE      CODE     ---       #112
      010007E9H   LINE      CODE     ---       #113
      010007EBH   LINE      CODE     ---       #117
      010007EEH   LINE      CODE     ---       #118
      010007F0H   LINE      CODE     ---       #120
      010007F2H   LINE      CODE     ---       #124
      010007F3H   LINE      CODE     ---       #125
      010007F4H   LINE      CODE     ---       #126
      010007F5H   LINE      CODE     ---       #127
      010007F7H   LINE      CODE     ---       #128
      010007F9H   LINE      CODE     ---       #162
      010007FCH   LINE      CODE     ---       #167

      ---         MODULE    ---      ---       ?C?ULSHR
      010007ACH   PUBLIC    CODE     ---       ?C?ULSHR
LX51 LINKER/LOCATER V4.66.1.0                                                         05/07/2021  15:19:53  PAGE 27



      ---         MODULE    ---      ---       ?C?CCASE
      010007BFH   PUBLIC    CODE     ---       ?C?CCASE

Program Size: data=26.5 xdata=144 const=0 code=2027
LX51 RUN COMPLETE.  0 WARNING(S),  0 ERROR(S)
