C51 COMPILER V9.60.0.0   COMMON                                                            10/21/2022 12:09:09 PAGE 1   


C51 COMPILER V9.60.0.0, COMPILATION OF MODULE COMMON
OBJECT MODULE PLACED IN .\Output\common.obj
COMPILER INVOKED BY: C:\Keil_v5\C51\BIN\C51.EXE ..\..\..\..\Library\StdDriver\src\common.c LARGE OMF2 OPTIMIZE(7,SPEED) 
                    -BROWSE INCDIR(..\..\..\..\Library\Device\Include;..\..\..\..\Library\StdDriver\inc) DEBUG PRINT(.\List\common.lst) TABS(
                    -2) OBJECT(.\Output\common.obj)

line level    source

   1          /*--------------------------------------------------------------------------------------------------------
             --*/
   2          /*                                                                                                        
             - */
   3          /* SPDX-License-Identifier: Apache-2.0                                                                    
             - */
   4          /* Copyright(c) 2022 Nuvoton Technology Corp. All rights reserved.                                        
             - */
   5          /*                                                                                                        
             - */
   6          /*--------------------------------------------------------------------------------------------------------
             --*/
   7          
   8          #include "MUG51.h"
   9          
  10          bit BIT_TMP;
  11          unsigned char data  TA_REG_TMP,SFRS_TMP,BYTE_TMP;
  12          
  13          /**
  14           * @brief       Read Dataflash
  15           * @param       Dataflash start address
  16           * @return      Dataflash Value
  17           * @details     None
  18           */
  19          unsigned char Read_APROM_BYTE(unsigned int code *u16_addr)
  20          {
  21   1          unsigned char rdata;
  22   1          rdata = *u16_addr >> 8;
  23   1          return rdata;
  24   1      }
  25          
  26          /**
  27           * @brief       Global Interrupt Status (EA)
  28           * @param       Enable / Disable
  29           * @return      None
  30           * @details     after all IP interrupt enable. Must enable gloabl interrupt.
  31           * @Example     Global_Interrupt(ENABLE);
  32           */
  33          void Global_Interrupt(unsigned char u8IntStatus)
  34          {
  35   1          EA = u8IntStatus;
  36   1      }
  37          
  38          /**
  39           * @brief       Power down level Select 
  40           * @param       0/1/2
  41           * @return      None
  42           * @details     Setting power down level.
  43           * @Example     PowerDown_Level(1);
  44           */
  45          void PowerDown_Level(unsigned char u8PDLevel)
  46          {
  47   1          SFRS=3;
C51 COMPILER V9.60.0.0   COMMON                                                            10/21/2022 12:09:09 PAGE 2   

  48   1          PDL = u8PDLevel;
  49   1      }


MODULE INFORMATION:   STATIC OVERLAYABLE
   CODE SIZE        =     20    ----
   CONSTANT SIZE    =   ----    ----
   XDATA SIZE       =   ----    ----
   PDATA SIZE       =   ----    ----
   DATA SIZE        =      3    ----
   IDATA SIZE       =   ----    ----
   BIT SIZE         =      1    ----
   EDATA SIZE       =   ----    ----
   HDATA SIZE       =   ----    ----
   XDATA CONST SIZE =   ----    ----
   FAR CONST SIZE   =   ----    ----
END OF MODULE INFORMATION.


C51 COMPILATION COMPLETE.  0 WARNING(S),  0 ERROR(S)
