C51 COMPILER V9.52.0.0   DELAY                                                             05/07/2021 15:18:32 PAGE 1   


C51 COMPILER V9.52.0.0, COMPILATION OF MODULE DELAY
OBJECT MODULE PLACED IN .\Output\delay.obj
COMPILER INVOKED BY: C:\Keil\C51\BIN\C51.EXE ..\..\..\..\Library\StdDriver\src\delay.c LARGE OMF2 OPTIMIZE(7,SPEED) BROW
                    -SE INCDIR(..\..\..\..\Library\Device\Include;..\..\..\..\Library\StdDriver\inc) DEBUG PRINT(.\List\delay.lst) TABS(2) OB
                    -JECT(.\Output\delay.obj)

line level    source

   1          /*--------------------------------------------------------------------------------------------------------
             --*/
   2          /*                                                                                                        
             - */
   3          /* Copyright(c) 2016 Nuvoton Technology Corp. All rights reserved.                                        
             - */
   4          /*                                                                                                        
             - */
   5          /*--------------------------------------------------------------------------------------------------------
             --*/
   6          
   7          //********************************************************************************************************
             -***
   8          //  Nuvoton Technoledge Corp. 
   9          //  Website: http://www.nuvoton.com
  10          //  E-Mail : MicroC-8bit@nuvoton.com
  11          //  Date   : Apr/21/2016
  12          //********************************************************************************************************
             -***
  13          
  14          #include "MUG51.h"
  15          
  16          /* ----------------------------------------------------------------- */
  17          /* ---  Timer 0  --------------------------------------------------------------     */
  18          /* ----------------------------------------------------------------- */
  19          void Timer0_Delay1ms(unsigned long u32CNT)
  20          {
  21   1          clr_CKCON_T0M;                                    /* T0M=0, Timer0 Clock = Fsys/12 */
  22   1          set_TMOD_M0_T0;                                   /* Timer0 is 16-bit mode */
  23   1          while (u32CNT != 0)
  24   1          {
  25   2              TL0 = LOBYTE(TIMER_DIV12_VALUE_1ms_FOSC_8000000);  /* Find  define in "delay.h"  */
  26   2              TH0 = HIBYTE(TIMER_DIV12_VALUE_1ms_FOSC_8000000);
  27   2              set_TCON_TR0;                                 /* Start Timer0 */
  28   2              while (TF0 != 1);                             /* Check Timer0 Time-Out Flag  */
  29   2              clr_TCON_TF0;
  30   2              u32CNT --;
  31   2          }
  32   1          clr_TCON_TR0;                                     /* Stop Timer0  */
  33   1      }
  34          /* ---  Timer 0  --------------------------------------------------------------     */
  35          void Timer0_Delay10ms(unsigned long u32CNT)
  36          {
  37   1          clr_CKCON_T0M;                                    /* T0M=0, Timer0 Clock = Fsys/12 */
  38   1          set_TMOD_M0_T0;                                   /* Timer0 is 16-bit mode */
  39   1          while (u32CNT != 0)
  40   1          {
  41   2              TL0 = LOBYTE(TIMER_DIV12_VALUE_10ms_FOSC_8000000);  /* Find  define in "delay.h"  */
  42   2              TH0 = HIBYTE(TIMER_DIV12_VALUE_10ms_FOSC_8000000);
  43   2              set_TCON_TR0;                                 /* Start Timer0 */
  44   2              while (TF0 != 1);                             /* Check Timer0 Time-Out Flag  */
  45   2              clr_TCON_TF0;
  46   2              u32CNT --;
C51 COMPILER V9.52.0.0   DELAY                                                             05/07/2021 15:18:32 PAGE 2   

  47   2          }
  48   1          clr_TCON_TR0;                                     /* Stop Timer0  */
  49   1      }
  50          /* ---  Timer 0  --------------------------------------------------------------     */
  51          void Timer0_Delay50ms(unsigned long u32CNT)
  52          {
  53   1          clr_CKCON_T0M;                                    /* T0M=0, Timer0 Clock = Fsys/12 */
  54   1          set_TMOD_M0_T0;                                   /* Timer0 is 16-bit mode */
  55   1          while (u32CNT != 0)
  56   1          {
  57   2              TL0 = LOBYTE(TIMER_DIV12_VALUE_50ms_FOSC_8000000);  /* Find  define in "delay.h"  */
  58   2              TH0 = HIBYTE(TIMER_DIV12_VALUE_50ms_FOSC_8000000);
  59   2              set_TCON_TR0;                                 /* Start Timer0 */
  60   2              while (TF0 != 1);                             /* Check Timer0 Time-Out Flag  */
  61   2              clr_TCON_TF0;
  62   2              u32CNT --;
  63   2          }
  64   1          clr_TCON_TR0;                                     /* Stop Timer0  */
  65   1      }
  66          
  67          /* ----------------------------------------------------------------- */
  68          /* ---  Timer 1 --------------------------------------------------------------     */
  69          /* ----------------------------------------------------------------- */
  70          void Timer1_Delay1ms(unsigned long u32CNT)
  71          {
  72   1          clr_CKCON_T1M;                                    /* T0M=1, Timer1 Clock = Fsys/12 */
  73   1          set_TMOD_M0_T1;                                   /* Timer1 is 16-bit mode */
  74   1          while (u32CNT != 0)
  75   1          {
  76   2              TL1 = LOBYTE(TIMER_DIV12_VALUE_1ms_FOSC_8000000);  /* Find  define in "delay.h"  */
  77   2              TH1 = HIBYTE(TIMER_DIV12_VALUE_1ms_FOSC_8000000);
  78   2              set_TCON_TR1;                                 /* Start Timer1 */
  79   2              while (TF1 != 1);                             /* Check Timer1 Time-Out Flag  */
  80   2              clr_TCON_TF1;
  81   2              u32CNT --;
  82   2          }
  83   1          clr_TCON_TR1;                                     /* Stop Timer1  */
  84   1      }
  85          /* ---  Timer 1  --------------------------------------------------------------     */
  86          void Timer1_Delay10ms(unsigned long u32CNT)
  87          {
  88   1          clr_CKCON_T1M;                                    /* T0M=1, Timer1 Clock = Fsys/12 */
  89   1          set_TMOD_M0_T1;                                   /* Timer1 is 16-bit mode */
  90   1          while (u32CNT != 0)
  91   1          {
  92   2              TL1 = LOBYTE(TIMER_DIV12_VALUE_10ms_FOSC_8000000); /* Find  define in "delay.h"  */
  93   2              TH1 = HIBYTE(TIMER_DIV12_VALUE_10ms_FOSC_8000000);
  94   2              set_TCON_TR1;                                 /* Start Timer1 */
  95   2              while (TF1 != 1);                             /* Check Timer1 Time-Out Flag  */
  96   2              clr_TCON_TF1;
  97   2              u32CNT --;
  98   2          }
  99   1          clr_TCON_TR1;                                     /* Stop Timer1  */
 100   1      }
 101          /* ---  Timer 1  --------------------------------------------------------------     */
 102          void Timer1_Delay50ms(unsigned long u32CNT)
 103          {
 104   1          clr_CKCON_T1M;                                    /* T0M=1, Timer1 Clock = Fsys/12 */
 105   1          set_TMOD_M0_T1;                                   /* Timer1 is 16-bit mode */
 106   1          while (u32CNT != 0)
 107   1          {
 108   2              TL1 = LOBYTE(TIMER_DIV12_VALUE_50ms_FOSC_8000000); /* Find  define in "delay.h"  */
C51 COMPILER V9.52.0.0   DELAY                                                             05/07/2021 15:18:32 PAGE 3   

 109   2              TH1 = HIBYTE(TIMER_DIV12_VALUE_50ms_FOSC_8000000);
 110   2              set_TCON_TR1;                                 /* Start Timer1 */
 111   2              while (TF1 != 1);                             /* Check Timer1 Time-Out Flag  */
 112   2              clr_TCON_TF1;
 113   2              u32CNT --;
 114   2          }
 115   1          clr_TCON_TR1;                                     /* Stop Timer1  */
 116   1      }
 117          
 118          /* ----------------------------------------------------------------- */
 119          /* ---  Timer 2  --------------------------------------------------------------     */
 120          /* ----------------------------------------------------------------- */
 121          void Timer2_Delay1ms(unsigned long u32CNT)
 122          {
 123   1          SFRS = 0;T2MOD&=0x8F;T2MOD|=0x50;                 /* Timer 2 DIV128  */
 124   1          while (u32CNT != 0)
 125   1          {
 126   2              TL2 = LOBYTE(TIMER_DIV128_VALUE_1ms_FOSC_8000000); /* Find  define in "delay.h"  */
 127   2              TH2 = HIBYTE(TIMER_DIV128_VALUE_1ms_FOSC_8000000);
 128   2              set_T2CON_TR2;                                /* Start Timer2 */
 129   2              while (TF2 != 1);                             /* Check Timer2 Time-Out Flag  */
 130   2              clr_T2CON_TF2;
 131   2              u32CNT --;
 132   2          }
 133   1          clr_T2CON_TR2;                                    /* Stop Timer2  */
 134   1      }
 135          /* ---  Timer 2  --------------------------------------------------------------     */
 136          void Timer2_Delay10ms(unsigned long u32CNT)
 137          {
 138   1          SFRS = 0;T2MOD&=0x8F;T2MOD|=0x50;                 /* Timer 2 DIV128  */
 139   1          while (u32CNT != 0)
 140   1          {
 141   2              TL2 = LOBYTE(TIMER_DIV128_VALUE_10ms_FOSC_8000000);/* Find  define in "delay.h"  */
 142   2              TH2 = HIBYTE(TIMER_DIV128_VALUE_10ms_FOSC_8000000);
 143   2              set_T2CON_TR2;                                /* Start Timer2 */
 144   2              while (TF2 != 1);                             /* Check Timer2 Time-Out Flag  */
 145   2              clr_T2CON_TF2;
 146   2              u32CNT --;
 147   2          }
 148   1          clr_T2CON_TR2;                                    /* Stop Timer2  */
 149   1      }
 150          /* ---  Timer 2  --------------------------------------------------------------     */
 151          void Timer2_Delay100ms(unsigned long u32CNT)
 152          {
 153   1          SFRS = 0;T2MOD&=0x8F;T2MOD|=0x50;                 /* Timer 2 DIV128  */
 154   1          while (u32CNT != 0)
 155   1          {
 156   2              TL2 = LOBYTE(TIMER_DIV128_VALUE_100ms_FOSC_8000000);/* Find  define in "delay.h"  */
 157   2              TH2 = HIBYTE(TIMER_DIV128_VALUE_100ms_FOSC_8000000);
 158   2              set_T2CON_TR2;                                /* Start Timer2 */
 159   2              while (TF2 != 1);                             /* Check Timer2 Time-Out Flag  */
 160   2              clr_T2CON_TF2;
 161   2              u32CNT --;
 162   2          }
 163   1          clr_T2CON_TR2;                                    /* Stop Timer2  */
 164   1      }
 165          /* ---  Timer 2  --------------------------------------------------------------     */
 166          void Timer2_Delay200ms(unsigned long u32CNT)
 167          {
 168   1          SFRS = 0;T2MOD&=0x8F;T2MOD|=0x50;                 /* Timer 2 DIV128  */
 169   1          while (u32CNT != 0)
 170   1          {
C51 COMPILER V9.52.0.0   DELAY                                                             05/07/2021 15:18:32 PAGE 4   

 171   2              TL2 = LOBYTE(TIMER_DIV128_VALUE_200ms_FOSC_8000000);/* Find  define in "delay.h"  */
 172   2              TH2 = HIBYTE(TIMER_DIV128_VALUE_200ms_FOSC_8000000);
 173   2              set_T2CON_TR2;                                /* Start Timer2 */
 174   2              while (TF2 != 1);                             /* Check Timer2 Time-Out Flag  */
 175   2              clr_T2CON_TF2;
 176   2              u32CNT --;
 177   2          }
 178   1          clr_T2CON_TR2;                                    /* Stop Timer2  */
 179   1      }
 180          /* ---  Timer 2  --------------------------------------------------------------     */
 181          void Timer2_Delay1s(unsigned long u32CNT)
 182          {
 183   1          SFRS = 0;T2MOD&=0x8F;T2MOD|=0x70;                 /* Timer 2 DIV512  */
 184   1          while (u32CNT != 0)
 185   1          {
 186   2              TL2 = LOBYTE(TIMER_DIV512_VALUE_1s_FOSC_8000000);  /* Find  define in "delay.h"  */
 187   2              TH2 = HIBYTE(TIMER_DIV512_VALUE_1s_FOSC_8000000);
 188   2              set_T2CON_TR2;                                /* Start Timer2 */
 189   2              while (TF2 != 1);                             /* Check Timer2 Time-Out Flag  */
 190   2              clr_T2CON_TF2;
 191   2              u32CNT --;
 192   2          }
 193   1          clr_T2CON_TR2;                                    /* Stop Timer2  */
 194   1      }
 195          
 196          /* ----------------------------------------------------------------- */
 197          /* ---  Timer 3  --------------------------------------------------------------     */
 198          /* ----------------------------------------------------------------- */
 199          void Timer3_Delay500us(unsigned long u32CNT)
 200          {
 201   1          SFRS=0; T3CON = 0x02;                               /* Timer3 Clock = Fsys/4  */
 202   1          while (u32CNT != 0)
 203   1          {
 204   2              RL3 = LOBYTE(TIMER_DIV4_VALUE_500us_FOSC_8000000);   /* Find  define in "delay.h"  */
 205   2              RH3 = HIBYTE(TIMER_DIV4_VALUE_500us_FOSC_8000000);
 206   2              set_T3CON_TR3;                                  /* Start Timer3 */
 207   2              while (!(T3CON&SET_BIT4));                      /* Check Timer3 Time-Out Flag  */
 208   2              clr_T3CON_TF3;
 209   2              u32CNT --;
 210   2          }
 211   1          clr_T3CON_TR3;                                      /* Stop Timer3  */
 212   1      }
 213          /* ---  Timer 3  --------------------------------------------------------------     */
 214          void Timer3_Delay1ms(unsigned long u32CNT)
 215          {
 216   1          T3CON = 0x07;                                       /* Timer3 Clock = Fsys/128  */
 217   1          while (u32CNT != 0)
 218   1          {
 219   2              RL3 = LOBYTE(TIMER_DIV128_VALUE_1ms_FOSC_8000000);   /* Find  define in "delay.h"  */
 220   2              RH3 = HIBYTE(TIMER_DIV128_VALUE_1ms_FOSC_8000000);
 221   2              set_T3CON_TR3;                                  /* Start Timer3 */
 222   2              while (!(T3CON&SET_BIT4));                      /* Check Timer3 Time-Out Flag  */
 223   2              clr_T3CON_TF3;
 224   2              u32CNT --;
 225   2          }
 226   1          clr_T3CON_TR3;                                     /* Stop Timer3  */
 227   1      }
 228          /* ---  Timer 3  --------------------------------------------------------------     */
 229          void Timer3_Delay10ms(unsigned long u32CNT)
 230          {
 231   1          T3CON = 0x07;                               //Timer3 Clock = Fsys/128
 232   1          while (u32CNT != 0)
C51 COMPILER V9.52.0.0   DELAY                                                             05/07/2021 15:18:32 PAGE 5   

 233   1          {
 234   2              RL3 = LOBYTE(TIMER_DIV128_VALUE_10ms_FOSC_8000000);   /* Find  define in "delay.h"  */
 235   2              RH3 = HIBYTE(TIMER_DIV128_VALUE_10ms_FOSC_8000000);
 236   2              set_T3CON_TR3;                                  /* Start Timer3 */
 237   2              while (!(T3CON&SET_BIT4));                      /* Check Timer3 Time-Out Flag  */
 238   2              clr_T3CON_TF3;
 239   2              u32CNT --;
 240   2          }
 241   1          clr_T3CON_TR3;                                     /* Stop Timer3  */
 242   1      }


MODULE INFORMATION:   STATIC OVERLAYABLE
   CODE SIZE        =   1348    ----
   CONSTANT SIZE    =   ----    ----
   XDATA SIZE       =   ----      56
   PDATA SIZE       =   ----    ----
   DATA SIZE        =   ----    ----
   IDATA SIZE       =   ----    ----
   BIT SIZE         =   ----    ----
   EDATA SIZE       =   ----    ----
   HDATA SIZE       =   ----    ----
   XDATA CONST SIZE =   ----    ----
   FAR CONST SIZE   =   ----    ----
END OF MODULE INFORMATION.


C51 COMPILATION COMPLETE.  0 WARNING(S),  0 ERROR(S)
